0x93e6f8f80668d492b09a43e2d153227cc70e9740c72f1d1ab2ea8efc6e199bad: 44403.0
 - fuel sent: 0x9a9521d613af8ee96a1980d5e337f2701a1a71cec0cd4cea353453ff6b13b630
 - waiting on tx... [success]
tokens sent to [m/44'/60'/0'/0/420]: 0xa05cf72ca55cb07e190f8926ddc2f572d953b9c6879d2f569e37e8d6076bc685
 - waiting on tx........... [success]
 - fuel returned: 0x2d802b79674f85532d839ee742f3db859be1df9266b4510a60c49ff4a7a34d2c
 - sleeping [21 seconds]
0x4c0c1fe00d180c83a8eb10a46c1741db4120a93754d681d11916ec8741451025: 48957.99999999999
 - fuel sent: 0x781b2ca38f466710546e1f4b49110047b03b1f9bfe58af0c64d20e8d92d2e349
 - waiting on tx.... [success]
tokens sent to [m/44'/60'/0'/0/421]: 0x6bde34c6adab6ef7dc11bd5ea38796f175220a248b00ec374744389a6dcb0aaa
 - waiting on tx.... [success]
 - fuel returned: 0x4fff4c83c29a12b5f1f7f92b06297cb3d27ace40b851ce5d0ffa9681890b447c
 - sleeping [59 seconds]
0xcb32716e9f8cbb15baec91d50c72eac033eb758d4f1e820ffb8f82176f5353da: 8291.0
 - fuel sent: 0x8f05335e918027bc53e1d6405859fe39fe4b860e46b4117e21127d21eac798af
 - waiting on tx... [success]
tokens sent to [m/44'/60'/0'/0/422]: 0x4f8d73882cdd96eb1d4f024cd221e53129c7e5e3faeb8c39f38df2b61b1262b7
 - waiting on tx.... [success]
 - fuel returned: 0x7c899a3354cab3d5d94418643bca5705a46ead7a24ca0945fa6bacd31575cced
 - sleeping [9 seconds]
0x2769ada7c2b65858802fef31e899a7f3f8c247da1ae3a43698a74c4567d9755e: 52150.0
 - fuel sent: 0x0ab99c0d0b7a940b666d613b938e66a257ec9a473734f0415c08685c5f5df4b1
 - waiting on tx... [success]
tokens sent to [m/44'/60'/0'/0/423]: 0x8ca4511855302fb02b5d9761830fd3932017496e46d859c938987aa8086908fd
 - waiting on tx..... [success]
 - fuel returned: 0xa1f75540f1caf5c2c5e93f5943a1b67cd3f1ef6b755131d5790d64f702418205
 - sleeping [104 seconds]
0xd1a661b2488a9b75c504156b37358aa5d93c01dc884c5f9012ac57f28abbce94: 27313.000000000004
 - fuel sent: 0xd5460dbef1fa3242fd5ee7c59bb85072a9b0b15571ea7435b41c56ddb36b5f2a
 - waiting on tx.... [success]
tokens sent to [m/44'/60'/0'/0/424]: 0x87078ca7a89aefd4c9eeb70bf7e7ca66a9e0f064df9648d4baad6e4e6f03e898
 - waiting on tx... [success]
 - fuel returned: 0x4fb4051aad119f7460a1d9a62a70e7caee3d5c5be95b5f4b83f35b659d6a273c
 - sleeping [16 seconds]
0x5dfdcd97f643cf0c6f73b17bb7c325be799b8f1e2f2228fb8cc9db58045c59d1: 7852.0
 - fuel sent: 0xa9e3790f94de14bd1ca6152f48733908c697c9d5dc14cd8b4dc6722503631a9d
 - waiting on tx... [success]
tokens sent to [m/44'/60'/0'/0/425]: 0xbeebff18f1d5d569d45f84b8f777f54032368cbe02488b69695600c227f08764
 - waiting on tx.... [success]
 - fuel returned: 0xa7bdddc6517eacb832e260ed3a348f762de4e8e7ae0e28e29b34b9a1c0135552
 - sleeping [6 seconds]
0x2af0f2ef67b53ba9bfac05dc6201a87733c4e9106d3ce1a04a6f7fd1c44ef1ce: 42751.0
 - fuel sent: 0x37b93fe74d0fc55cc81ffcbe69a9dc9843c53246bf7576cacb73501614df83c4
 - waiting on tx.... [success]
tokens sent to [m/44'/60'/0'/0/426]: 0xee9eaeebdc8b400d71ba47fd69e0534c4c8f76f6d14f3433192a37222dcf960a
 - waiting on tx..... [success]
 - fuel returned: 0x05f81acc7aa77c8e30b98d6285cb1029bce081749392ccd480620c68ce08ccbe
 - sleeping [96 seconds]
0x8b2cb106fbbcba9fe051cfc031d44c9e9a19d358a85f7f122df34859c051210d: 28555.0
 - fuel sent: 0x7bd463bde6cb0dee1ba5abcbc4bf43c11a2331e441c4d000edf8601a962d881c
 - waiting on tx... [success]
tokens sent to [m/44'/60'/0'/0/427]: 0x8944e5757bc2b1c3edd9d41bc6256508fb12ee110c5583cbeb11b02c624fa3e2
 - waiting on tx.... [success]
 - fuel returned: 0x08095ad43de3ce68c882dac1705e851c977ca18e1f00314c1ba4426cb5e3f110
 - sleeping [48 seconds]
0xd05a92d99021c447181c1f12399b1992ad59c059917951c5bcd406f67dc1a194: 15913.0
 - fuel sent: 0x7f58667a1284a6ff6c253c4b1a381e5b89d7daac127f3d284cdd874b131889c8
 - waiting on tx... [success]
tokens sent to [m/44'/60'/0'/0/428]: 0xa67ebacc2f533ef2b89004a79b72da65e041553d4b7ae61191a3e17cce4ba2d3
 - waiting on tx... [success]
 - fuel returned: 0xb61aee4d077b1e1c40ed27dae2103552290a77e7b78edb51ddef76acdd2b9eef
 - sleeping [20 seconds]
0x6c7f4d5b67251f0aa9f3948db598440fab8e911655dcabc052d5fc8b37c64786: 32695.0
 - fuel sent: 0xc5e6d726fae723d41dcaf44a4b58a053d1867c8a1b8dddba5b68cf905b763f47
 - waiting on tx... [success]
tokens sent to [m/44'/60'/0'/0/429]: 0xa51d20ec1e574c0c4abdc1048e69100dcd2901075ed282070c7773e9fd390e15
 - waiting on tx..... [success]
Traceback (most recent call last):
  File "/Users/ekkis/.pyenv/versions/3.11.2/lib/python3.11/site-packages/urllib3/response.py", line 761, in _update_chunk_length
    self.chunk_left = int(line, 16)
                      ^^^^^^^^^^^^^
ValueError: invalid literal for int() with base 16: b''

During handling of the above exception, another exception occurred:

Traceback (most recent call last):
  File "/Users/ekkis/.pyenv/versions/3.11.2/lib/python3.11/site-packages/urllib3/response.py", line 444, in _error_catcher
    yield
  File "/Users/ekkis/.pyenv/versions/3.11.2/lib/python3.11/site-packages/urllib3/response.py", line 828, in read_chunked
    self._update_chunk_length()
  File "/Users/ekkis/.pyenv/versions/3.11.2/lib/python3.11/site-packages/urllib3/response.py", line 765, in _update_chunk_length
    raise InvalidChunkLength(self, line)
urllib3.exceptions.InvalidChunkLength: InvalidChunkLength(got length b'', 0 bytes read)

During handling of the above exception, another exception occurred:

Traceback (most recent call last):
  File "/Users/ekkis/.pyenv/versions/3.11.2/lib/python3.11/site-packages/requests/models.py", line 816, in generate
    yield from self.raw.stream(chunk_size, decode_content=True)
  File "/Users/ekkis/.pyenv/versions/3.11.2/lib/python3.11/site-packages/urllib3/response.py", line 624, in stream
    for line in self.read_chunked(amt, decode_content=decode_content):
  File "/Users/ekkis/.pyenv/versions/3.11.2/lib/python3.11/site-packages/urllib3/response.py", line 816, in read_chunked
    with self._error_catcher():
  File "/Users/ekkis/.pyenv/versions/3.11.2/lib/python3.11/contextlib.py", line 155, in __exit__
    self.gen.throw(typ, value, traceback)
  File "/Users/ekkis/.pyenv/versions/3.11.2/lib/python3.11/site-packages/urllib3/response.py", line 461, in _error_catcher
    raise ProtocolError("Connection broken: %r" % e, e)
urllib3.exceptions.ProtocolError: ("Connection broken: InvalidChunkLength(got length b'', 0 bytes read)", InvalidChunkLength(got length b'', 0 bytes read))

During handling of the above exception, another exception occurred:

Traceback (most recent call last):
  File "/Users/ekkis/dev/eth/eth.py", line 261, in sendFuel
    return srv.eth.send_raw_transaction(tx.rawTransaction).hex()
           ^^^^^^^^^^^^^^^^^^^^^^^^^^^^^^^^^^^^^^^^^^^^^^^
  File "/Users/ekkis/.pyenv/versions/3.11.2/lib/python3.11/site-packages/web3/eth/eth.py", line 372, in send_raw_transaction
    return self._send_raw_transaction(transaction)
           ^^^^^^^^^^^^^^^^^^^^^^^^^^^^^^^^^^^^^^^
  File "/Users/ekkis/.pyenv/versions/3.11.2/lib/python3.11/site-packages/web3/module.py", line 68, in caller
    result = w3.manager.request_blocking(
             ^^^^^^^^^^^^^^^^^^^^^^^^^^^^
  File "/Users/ekkis/.pyenv/versions/3.11.2/lib/python3.11/site-packages/web3/manager.py", line 231, in request_blocking
    response = self._make_request(method, params)
               ^^^^^^^^^^^^^^^^^^^^^^^^^^^^^^^^^^
  File "/Users/ekkis/.pyenv/versions/3.11.2/lib/python3.11/site-packages/web3/manager.py", line 175, in _make_request
    return request_func(method, params)
           ^^^^^^^^^^^^^^^^^^^^^^^^^^^^
  File "/Users/ekkis/.pyenv/versions/3.11.2/lib/python3.11/site-packages/web3/middleware/formatting.py", line 99, in middleware
    response = make_request(method, params)
               ^^^^^^^^^^^^^^^^^^^^^^^^^^^^
  File "/Users/ekkis/.pyenv/versions/3.11.2/lib/python3.11/site-packages/web3/middleware/gas_price_strategy.py", line 96, in middleware
    return make_request(method, params)
           ^^^^^^^^^^^^^^^^^^^^^^^^^^^^
  File "/Users/ekkis/.pyenv/versions/3.11.2/lib/python3.11/site-packages/web3/middleware/formatting.py", line 99, in middleware
    response = make_request(method, params)
               ^^^^^^^^^^^^^^^^^^^^^^^^^^^^
  File "/Users/ekkis/.pyenv/versions/3.11.2/lib/python3.11/site-packages/web3/middleware/attrdict.py", line 38, in middleware
    response = make_request(method, params)
               ^^^^^^^^^^^^^^^^^^^^^^^^^^^^
  File "/Users/ekkis/.pyenv/versions/3.11.2/lib/python3.11/site-packages/web3/middleware/formatting.py", line 99, in middleware
    response = make_request(method, params)
               ^^^^^^^^^^^^^^^^^^^^^^^^^^^^
  File "/Users/ekkis/.pyenv/versions/3.11.2/lib/python3.11/site-packages/web3/middleware/formatting.py", line 99, in middleware
    response = make_request(method, params)
               ^^^^^^^^^^^^^^^^^^^^^^^^^^^^
  File "/Users/ekkis/.pyenv/versions/3.11.2/lib/python3.11/site-packages/web3/middleware/formatting.py", line 99, in middleware
    response = make_request(method, params)
               ^^^^^^^^^^^^^^^^^^^^^^^^^^^^
  File "/Users/ekkis/.pyenv/versions/3.11.2/lib/python3.11/site-packages/web3/middleware/buffered_gas_estimate.py", line 43, in middleware
    return make_request(method, params)
           ^^^^^^^^^^^^^^^^^^^^^^^^^^^^
  File "/Users/ekkis/.pyenv/versions/3.11.2/lib/python3.11/site-packages/web3/middleware/exception_retry_request.py", line 106, in middleware
    return make_request(method, params)
           ^^^^^^^^^^^^^^^^^^^^^^^^^^^^
  File "/Users/ekkis/.pyenv/versions/3.11.2/lib/python3.11/site-packages/web3/providers/rpc.py", line 90, in make_request
    raw_response = make_post_request(
                   ^^^^^^^^^^^^^^^^^^
  File "/Users/ekkis/.pyenv/versions/3.11.2/lib/python3.11/site-packages/web3/_utils/request.py", line 114, in make_post_request
    response = get_response_from_post_request(endpoint_uri, data=data, *args, **kwargs)
               ^^^^^^^^^^^^^^^^^^^^^^^^^^^^^^^^^^^^^^^^^^^^^^^^^^^^^^^^^^^^^^^^^^^^^^^^
  File "/Users/ekkis/.pyenv/versions/3.11.2/lib/python3.11/site-packages/web3/_utils/request.py", line 107, in get_response_from_post_request
    response = session.post(endpoint_uri, *args, **kwargs)
               ^^^^^^^^^^^^^^^^^^^^^^^^^^^^^^^^^^^^^^^^^^^
  File "/Users/ekkis/.pyenv/versions/3.11.2/lib/python3.11/site-packages/requests/sessions.py", line 635, in post
    return self.request("POST", url, data=data, json=json, **kwargs)
           ^^^^^^^^^^^^^^^^^^^^^^^^^^^^^^^^^^^^^^^^^^^^^^^^^^^^^^^^^
  File "/Users/ekkis/.pyenv/versions/3.11.2/lib/python3.11/site-packages/requests/sessions.py", line 587, in request
    resp = self.send(prep, **send_kwargs)
           ^^^^^^^^^^^^^^^^^^^^^^^^^^^^^^
  File "/Users/ekkis/.pyenv/versions/3.11.2/lib/python3.11/site-packages/requests/sessions.py", line 745, in send
    r.content
  File "/Users/ekkis/.pyenv/versions/3.11.2/lib/python3.11/site-packages/requests/models.py", line 899, in content
    self._content = b"".join(self.iter_content(CONTENT_CHUNK_SIZE)) or b""
                    ^^^^^^^^^^^^^^^^^^^^^^^^^^^^^^^^^^^^^^^^^^^^^^^
  File "/Users/ekkis/.pyenv/versions/3.11.2/lib/python3.11/site-packages/requests/models.py", line 818, in generate
    raise ChunkedEncodingError(e)
requests.exceptions.ChunkedEncodingError: ("Connection broken: InvalidChunkLength(got length b'', 0 bytes read)", InvalidChunkLength(got length b'', 0 bytes read))

During handling of the above exception, another exception occurred:

Traceback (most recent call last):
  File "/Users/ekkis/dev/eth/./eth.send.ls", line 57, in <module>
    tx = eth.sendFuel(to=main, acct=acct)
         ^^^^^^^^^^^^^^^^^^^^^^^^^^^^^^^^
  File "/Users/ekkis/dev/eth/eth.py", line 268, in sendFuel
    raise e
TypeError: exceptions must derive from BaseException
0x93e6f8f80668d492b09a43e2d153227cc70e9740c72f1d1ab2ea8efc6e199bad: 0.0
0x4c0c1fe00d180c83a8eb10a46c1741db4120a93754d681d11916ec8741451025: 0.0
0xcb32716e9f8cbb15baec91d50c72eac033eb758d4f1e820ffb8f82176f5353da: 0.0
0x2769ada7c2b65858802fef31e899a7f3f8c247da1ae3a43698a74c4567d9755e: 0.0
0xd1a661b2488a9b75c504156b37358aa5d93c01dc884c5f9012ac57f28abbce94: 0.0
0x5dfdcd97f643cf0c6f73b17bb7c325be799b8f1e2f2228fb8cc9db58045c59d1: 0.0
0x2af0f2ef67b53ba9bfac05dc6201a87733c4e9106d3ce1a04a6f7fd1c44ef1ce: 0.0
0x8b2cb106fbbcba9fe051cfc031d44c9e9a19d358a85f7f122df34859c051210d: 0.0
0xd05a92d99021c447181c1f12399b1992ad59c059917951c5bcd406f67dc1a194: 0.0
0x6c7f4d5b67251f0aa9f3948db598440fab8e911655dcabc052d5fc8b37c64786: 0.0
0x5ed50dc40d65fe974e27bc09d0a771a35ab621242dd83f68f8d9f4ac28a6ed9e: 32766.999999999996
 - fuel sent: 0x062823d9dcab74a63448d4c5e9bad23e020fbfc59130c349b3829eb1df37103f
 - waiting on tx.... [success]
tokens sent to [m/44'/60'/0'/0/430]: 0xe68948a1ce1edf84be1e6d26df85fbc61142ddf5060daed084b0db3189b8c5ee
 - waiting on tx............ [failed]
0x60120e62b21fb44300328150fb3294bc42e920e8f89858967dcab329aa7a97ed: 37929.0
 - fuel sent: 0x9e6b664b020f9ce1ee7e7d7552775ee23a6e9b7df373dddc3a47cd1014c8a3a5
 - waiting on tx.... [success]
tokens sent to [m/44'/60'/0'/0/431]: 0xb82403f19c3a62a6c0dfb6ee45b3fcafcbfa55e6af2a3c230799b4a9f4a970f5
 - waiting on tx... [success]
 - fuel returned: 0xab9f0ac797d6e830b8f55c72adf25261db2733668ae25313cb60c5c9e78c5c82
 - sleeping [90 seconds]
0x2ea6ef55ab7c7ffbaeb84f94bd63eaada6827a69bd7f7de4f33294b42d33486c: 23899.0
 - fuel sent: 0x7d40cb7a22e2588ab8fb10e7ce649f42de261978e974448f14a783f5efe48560
 - waiting on tx........ [success]
tokens sent to [m/44'/60'/0'/0/432]: 0x2c4399d4b208919ab39801554a6ff93827d7df3c31d6eecd41c532c9d778038b
 - waiting on tx.... [success]
 - fuel returned: 0x3eb07f6e0d71c78deeba86d66be44617f7966b2ef92d1f851b800292b8f3b0ab
 - sleeping [1 seconds]
0xaae4405c17478e8ee6eba2251fa7372d53cf4a7b168fc951d5e437d0c8ec7af8: 42877.99999999999
 - fuel sent: 0xebe0c08c335208b9f86c5a366fedcf328fe088a0f8b626aba4b035cbe8c241f6
 - waiting on tx................. [success]
tokens sent to [m/44'/60'/0'/0/433]: 0x069ac43901e9ded1c66eb48a61677ed9d025a1fbbce6817491515d32e268840f
 - waiting on tx............ [failed]
0x8145e792e5ab19f8bd14e25c4ecdd7489a9eabf4d22bead8c85572b9e4769853: 35532.0
 - fuel sent: 0x8a41c5e7c182e0677280fa41856bb1a990ef4a920801ec7ed915c0a48f529e3c
 - waiting on tx... [success]
tokens sent to [m/44'/60'/0'/0/434]: 0x9eb2a99f60f4eb91c7fb4dbd4ab270633db3df4ef7ce285dc14ba8ac34870f93
 - waiting on tx.... [success]
 - fuel returned: 0x0ae44f2bede6ac6e74bca3942c7302535550b1f702db2a5bdb999161bdb5ea53
 - sleeping [115 seconds]
0xb481b028d9f2fb0b6feddec98b0da61388fb4e637550da2e84e41f9d3968a454: 77985.0
 - fuel sent: 0x2b3c8f58fbb61ce67d0a6ca22b33fe7f40a9026fced754cd5330260f6a7c5504
 - waiting on tx.... [success]
tokens sent to [m/44'/60'/0'/0/435]: 0x86123934442ee14c8ecc5db5cca777a148b5b5440c4883931e40cd7a1d2aede3
 - waiting on tx.... [success]
 - fuel returned: 0x99a91aa536c6e5f1b841fd202a6002ef677f36b509f7aac65183f32f075d30a4
 - sleeping [17 seconds]
0xb4fe5b551507445802d13f91c80863ac398da020bbe81decdcba22c07d2990a4: 39187.0
 - fuel sent: 0xf7c9020481dae182acdc4c900723eccf7e98b8a90b810d247cbf4e28ebb99ff4
 - waiting on tx.... [success]
tokens sent to [m/44'/60'/0'/0/436]: 0x7a95fe6172e5b3106fb2130b0a2b1e1bf78f54e2a50cb67646ec02af207e80a7
 - waiting on tx...... [success]
 - fuel returned: 0xd76960a593ab86ec2e7852a9bc72ea9192341576032d5be02da57e79b8d45fec
 - sleeping [97 seconds]
0xc9e33118ffaa57b2839f98ea9456c48201b8d550983d5a2e6c3c369ba2688ddd: 37759.0
 - fuel sent: 0x3e1f81be25db2df3656407d7a7d4cb3ec0eead28320795d4ba4ebd04c9f8866c
 - waiting on tx... [success]
tokens sent to [m/44'/60'/0'/0/437]: 0x895e10705b5785e847584e6d4d651bab70444d937e5442499dd37d31bff39134
 - waiting on tx........... [success]
 - fuel returned: 0x8a6b7198162a6c66590a754b6f741e48d8e0c179b6a3cd976af82be9c3b6ac52
 - sleeping [46 seconds]
0x13c0490dd717592d098b76ca5e8392aad2b0abc55d4d0979cbe17a7347b51081: 85011.0
 - fuel sent: 0xc35537aeab0be67007d29210687546f8633b1589c8444eede179f5f823ed9e8b
 - waiting on tx.... [success]
tokens sent to [m/44'/60'/0'/0/438]: 0x48ca41379193a7e3a3a192bf6697c4fb353aeb3e7ec0ea0749b1d04ea7e0eb41
 - waiting on tx... [success]
 - fuel returned: 0xc9922d79b1f9d234d7a50a443709122be5e36be79a3221b20f985d10cb6cafd5
 - sleeping [104 seconds]
0xd65055ab4051b94f673535633942d2235711821ff76ec8d13fd5eb3952adfc7b: 22379.0
 - fuel sent: 0x483a9f4c7c9b780598ac1350300094daa987663d84193a111bf8b8552be3ae7c
 - waiting on tx.... [success]
tokens sent to [m/44'/60'/0'/0/439]: 0x3ab29553751a4ae1fa6197466afbc4f49a2114a7bed3e1b63a6683be66469967
 - waiting on tx.... [success]
 - fuel returned: 0x088f439c695a952d55e74b079b1370c1d829d42aeff407d7533e3b2c163a8d21
 - sleeping [21 seconds]
0x1ee60fcc9d9485638902ca577e02b6e09293012484f4c3de5dd8a0acccd8106f: 47176.0
 - fuel sent: 0xc5d78eb36b7f236fe897210b049502be1313cb8fcfd671a1de27278d13ea18e2
 - waiting on tx.... [success]
tokens sent to [m/44'/60'/0'/0/440]: 0x42198b4f2e85cf0858ecac9c4caba872cc2dbc9100d29555b35d9e848a1c147f
 - waiting on tx.... [success]
 - fuel returned: 0xe6ca41a79e35eda77ecce913a4f7fb19cb787181fdf309264a13af39320e26e1
 - sleeping [32 seconds]
0x1dfe72e4141f31727c0bf7f7ca0b98f8c15eaa8b55ed106a0f9591d397599629: 47800.0
Insufficient balance in fuel account!
0x7402442d8e86d644befe2aa5c4bfa7b6e6b671311b70f2184d57fd5c1ad0a565: 7412.0
 - fuel sent: 0x342f3f2e8354facddab103651b6862e50194e1f1551112197a321655191e3c72
 - waiting on tx..... [success]
tokens sent to [m/44'/60'/0'/0/442]: 0x6040247bbcc6e03d276ab9e526fcac4930b59a8bb80e2c54572471712a926fe2
 - waiting on tx.... [success]
 - fuel returned: 0x40c7a5ff305c85f018e38b26876999af79e3c013cc1441b50d1f1c088678f08d
 - sleeping [27 seconds]
0xcbd9de4ab92ef3974f0ef254a87f0759f9fe5ac430725dcd3a8ee2273c3aa5bb: 44749.0
 - fuel sent: 0x52e7c6b3bd59f5430ea3bb680d9153f7b8d23875eecbb113ca3abbdf53838f50
 - waiting on tx..... [success]
tokens sent to [m/44'/60'/0'/0/443]: 0x208fba7d79d9660d62a463deaea8bb41eed2fe4eac404418e15792950d60b419
 - waiting on tx........ [success]
 - fuel returned: 0x58e8798b3c425ca4a84291fcbe05155fb79d46d6de9587106c185c0a6b3ad0a5
 - sleeping [42 seconds]
0x95ea1166ac7643b03f7e036aede9f5093a1a8da57c7ce4dc0c1758131dabcad7: 61289.0
 - fuel sent: 0xb62e183ae8d913a1b685d896c959937ca5524d769342eda586ea18e2dde72f31
 - waiting on tx.... [success]
tokens sent to [m/44'/60'/0'/0/444]: 0xa14f6f19d16e26c4e2a7077a19a6ae56437139a9c2d3574865e8f57acdb54483
 - waiting on tx... [success]
 - fuel returned: 0x488e534026c0a03266d462827e26d6434e9c336e9841a4f3e3b52696abf133c5
 - sleeping [15 seconds]
0x4327136deb8c9639c44ce1351e6f2884c5679d4408b7049b4bd761f3765f5efb: 35642.0
 - fuel sent: 0xfcf2b29a64ad1b81afe3bbd42d8a27b0db0da73179a6be628c5ec73bad79217c
 - waiting on tx....... [success]
tokens sent to [m/44'/60'/0'/0/445]: 0xb92a024f30dbe273bd6b147c0706a6260f8b30e02e6449f09d10279ce3778ebc
 - waiting on tx.... [success]
 - fuel returned: 0x0d9b88528539a6635acca5af1ed144775fd5595e19fa4c563b43e3594063133f
 - sleeping [19 seconds]
0x659ebffdf7389ef4fc5cda726e0d30bca9639e0fb691202157738d241e20b6d9: 7973.0
 - fuel sent: 0x16b11296c1801708da6ed73bd17865bb6274932a08891ea176b22ad3b3e6af6a
 - waiting on tx.... [success]
tokens sent to [m/44'/60'/0'/0/446]: 0x825d14dac73711f529da69d675efa6482c5e4c02a8be03a544e58790520a5b14
 - waiting on tx............ [failed]
0xa28b1cadb62e023adef0f1f40f43588f9befca449ae50ef92fed261ba94dc19b: 15432.0
 - fuel sent: 0x8fed34bfb31c9fb8be89a7fd372d461aca137f35303d7fe721cda36baf293f39
 - waiting on tx.... [success]
tokens sent to [m/44'/60'/0'/0/447]: 0xda30c5d0b5bbb22bfd30219635d2522fd422286102a7397569c0b009aa64d7bd
 - waiting on tx... [success]
 - fuel returned: 0xa37117872ae2d62e3c4274994e63e448e3eb5f7b3f0b8621a8a2c4ce10705f6e
 - sleeping [116 seconds]
0xe77f87a103e8138e26a3ca1069c49e40a4104b15d4fafaee8864f8f0b4253394: 87387.00000000001
 - fuel sent: 0xe2ce7dcdcded5e69fc4cbae55bb0d2949cd41af5b1587b3b4258e7dfec731480
 - waiting on tx............... [success]
tokens sent to [m/44'/60'/0'/0/448]: 0x487d74bdca14eeafe42ccdcdc34c7923a982f5d45878ae9bab09522dc7e3294e
 - waiting on tx.... [success]
 - fuel returned: 0x7ab4711c8f563094cdc9c59734cb78e5af68261caeacb089c9096863fc0cfcf0
 - sleeping [83 seconds]
0xd989a54c93b38dc47287c6cfc07d2a28e5a55b05dcba2cdce8b8fcbc8e361538: 18468.0
 - fuel sent: 0x551e0013346508f14a02d02ac6de9f891da40e3b26d9381a0e7781d3e7deb416
 - waiting on tx.... [success]
tokens sent to [m/44'/60'/0'/0/449]: 0x07cd56a7aac04dee83ba22b7dccc446efdbb5d06a458f158525345cc94592ed2
 - waiting on tx............ [failed]
0xc5d31f55c7015c020f55ca981a65f500177e5fd05d0ed448c68246ab39d0e71d: 89767.0
 - fuel sent: 0xa4a04624be49cd432cf20cbcbfd397dd0aeee87ae068f6e8516a6dedd95e9016
 - waiting on tx... [success]
tokens sent to [m/44'/60'/0'/0/450]: 0x43a24d462bf8818d86d9c93bead7635c78453a43d9a62f7d9cd54ee43b131086
 - waiting on tx.......... [success]
 - fuel returned: 0x86ebfe2688746bccbdb2975ae454700b05f7cb8b0765283e9a2bf8b960a52151
 - sleeping [12 seconds]
0x191446085c18d47130a3dfceabe39be1f0b2a1883438ea2cafaad824472a64f3: 10663.0
 - fuel sent: 0x812850956275d296144b09a78eae2d351fdeba465af1749439f732635030e8c7
 - waiting on tx... [success]
tokens sent to [m/44'/60'/0'/0/451]: 0xe55cf3f20c1c3bc95e092cfaea71caa9ec0ad839b6cedb6abd09758c6968170e
 - waiting on tx... [success]
 - fuel returned: 0xee281ad8b1005a60d7f21841420714baec0196e27f4ffb230cdb9ea6ae829c32
 - sleeping [119 seconds]
0x3f18da8773e025bc8aac1d1e5acb5ee3ab28fde1d8a839f7fab5616bc2e727d6: 15932.000000000002
 - fuel sent: 0xed8694a05ebfc5224eadd04b085bde0693f30bee7c9bb446a9136ea608571f78
 - waiting on tx..... [success]
tokens sent to [m/44'/60'/0'/0/452]: 0xa98ecd3b069e4c23e3960aacc50f58ed65a3829346dcb0083e928d3a9a36f393
 - waiting on tx.... [success]
 - fuel returned: 0xc4310fe704d26558ff8f6afb90181d35c87fafde75e72b9277a5f3469fe819e3
 - sleeping [37 seconds]
0x1563ff450ca59ef5de287123ae31c1b1db66551e52864ccafe43ee9d52c2222b: 54908.0
 - fuel sent: 0x3183e48c8ff23fe9910d663c3d40414450bf94f1f654289e72572ec2c5853969
 - waiting on tx... [success]
tokens sent to [m/44'/60'/0'/0/453]: 0x7bbd542a6d5255a31cd5581b4fa87982b11fba37dd3239eb15e461b075e5961c
 - waiting on tx.... [success]
 - fuel returned: 0x23feb19815fcce57c4eac4767cee6a19352d1123fcca2a496467b9d31adaa930
 - sleeping [81 seconds]
0x33cddc8ed0e2793baf5bba4c094841d756bce2c4c24a6304a3c7e78a57ac454f: 69870.0
 - fuel sent: 0x5d907bb5b0982e5411fa90995e26da1989120c54389d3ba78f578ab899c29bc6
 - waiting on tx... [success]
tokens sent to [m/44'/60'/0'/0/454]: 0xa582572c8dcaf0bfb1022cd55040b2b9c6c93ae85ff34bcd60e704732b0b456f
 - waiting on tx.... [success]
 - fuel returned: 0xb51d72b96721827977cab8ffca4be102631701e92b42fa411549ae11f40ed30c
 - sleeping [84 seconds]
0x7bb863cedfaf8f14579cba7dc87794c5784c5399ba806650d5e98ab80b219bb2: 58970.0
 - fuel sent: 0xa40787c6a798dec81f5262092c5b5b33747dd4a4db7b072392475cd132d442d4
 - waiting on tx... [success]
tokens sent to [m/44'/60'/0'/0/455]: 0x9ea4634cc3f3a3765f6106a62085a4e1b849f6c8786b7d1c610aa06c224e25e0
 - waiting on tx.... [success]
 - fuel returned: 0x69e4ac3bafe1b97527beb3f79c93bcf0358a562d02071ec2aac6759e0014fe60
 - sleeping [37 seconds]
0xbfaa4099bdaeeb3d30e9b9e108cdb7fee17cb60712a95f4fa072a0584c7b030c: 5844.0
 - fuel sent: 0x938879633d14cb84bec863d231394696f88f1af3832ea9e8afe517111c11bfe0
 - waiting on tx... [success]
tokens sent to [m/44'/60'/0'/0/456]: 0xe01b32023c68870d3768c597391af807546caee9b6d1bb0497562a73e1021a06
 - waiting on tx.... [success]
 - fuel returned: 0x9a87922ab8855464cfa487844a98aa6d2620baeadefbe6ffddcfb1621106d195
 - sleeping [84 seconds]
0xc7a2e5df0acc5c13edd6251112cb1790ce4071552146fe20d88d2391627a648f: 2141.0
 - fuel sent: 0xd84c12df48769220565a9953d210a865b5954307f202697ba074468f58c8dcfe
 - waiting on tx.... [success]
tokens sent to [m/44'/60'/0'/0/457]: 0x11ab0dfa84e2b6fd7a2c59db427a473e362f8fe1726be33597cd529e82a13854
 - waiting on tx......... [success]
 - fuel returned: 0x395e668c094f43a8e10c87bbb88a9d0b0b528c2115c696f64684e71a6795fd6f
 - sleeping [42 seconds]
0xaae764d8bd6c7e72372567af4cbaaec4c29ec1194ad687b8f8eac07c1fed8244: 6984.0
 - fuel sent: 0x8229a6e55a0dc93fd95a9404b379e8897c928b2e81c14f03b17ea68c57debbaa
 - waiting on tx.... [success]
tokens sent to [m/44'/60'/0'/0/458]: 0x176a0397b4cf9dcc555b9c14c294951c9e94a1a86ad9bbccf5873d336a86d86f
 - waiting on tx.... [success]
 - fuel returned: 0x7ec7976c4f26337f51c1c39857883387c71e93b615666e816ff2d2fcabe66220
 - sleeping [98 seconds]
0x8bd04542581c8b365f33989e1f6924e69939e284f67eb8308ed405b64cabacd3: 51531.0
 - fuel sent: 0x8df7ee7486524f5e8e2af388741f11593b7f8e7847b52936a36e2be4bb1be026
 - waiting on tx... [success]
tokens sent to [m/44'/60'/0'/0/459]: 0x0e5a44305de0ebd29dd2186bd053030d494e32437b6be2994b369d9aa13ddbd9
 - waiting on tx............ [failed]
0xed150c7d16c262bff710ad41672721caba30b8ad9814dc03ee8cf50217eba819: 73196.0
 - fuel sent: 0xdaeb890194b2ac90f590e0b3642cf779929b9c041cc6d19bfcde4435477aafc7
 - waiting on tx... [success]
tokens sent to [m/44'/60'/0'/0/460]: 0x38e388ddede9f9d6f0d3d96b24ab7da2a048b97374f30bb7a87bbd2fb8e671c6
 - waiting on tx........ [success]
 - fuel returned: 0xb9cef7eedb7bd72a6f7443303eae88b93d299ed098095cea3c447e30dbc10e03
 - sleeping [85 seconds]
0xd3a6d68e0adcfb802b07d837f09f739323ad9bf7384a9540b67bc07510fdaf16: 28110.0
 - fuel sent: 0x55e411a5adf9f42cc67dc3ed3c9df923803abe5d2dbd76820fe2202aa22ad4ad
 - waiting on tx..... [success]
tokens sent to [m/44'/60'/0'/0/461]: 0x9ed037fff7b1026397e9be6c32bc982f0a32ee8c6b815d46e06f2c27451655bb
 - waiting on tx... [success]
 - fuel returned: 0x62a869f0d7c55259f6a40612b7967fa234d9dfdc3911855dddb0a998041d7ee8
 - sleeping [26 seconds]
0x191c5b3c1f2aca07af2b03396a522eaf85b4dad16ebae15fa22e4ebe06dc3e2d: 48234.0
 - fuel sent: 0xfbc13d0a282c369d293d3b63964a04d88363314bb9f5155645e6f3acda694e47
 - waiting on tx... [success]
tokens sent to [m/44'/60'/0'/0/462]: 0xbb68e3efb9cb9b1e237c3304ba9732c05240b31eb69a08a6d0e668cf32277e85
 - waiting on tx...... [success]
 - fuel returned: 0x01cef535d8d6cc2c6de19059cb1f9f0b133653e2f33aa4694a4edee011b29e2c
 - sleeping [65 seconds]
0x5e680e61644d0e309cad25f6674240fafbe66c7b54005c2c71290f89fe278d66: 16402.0
 - fuel sent: 0x9e7ae1fdf29cf7d845f949189ef04440dc8c22efeed79368cce1e806e1cf548b
 - waiting on tx.... [success]
tokens sent to [m/44'/60'/0'/0/463]: 0xa5bbc257386741168b9d6040cc640644a2fbfa285871a503dcb10a8ed0ff0ba7
 - waiting on tx.... [success]
 - fuel returned: 0x4e443793b44d799fbafeedc3d8c306b95ef3f24c9ddc19aa11e11a297bda3588
 - sleeping [12 seconds]
0xa41ff85becc66e2e5fb1c41286a2ee4a487b9f04cff3ba8d05c1e281d8d07a83: 10605.0
 - fuel sent: 0xdadc14f6bc3d477d3170d9d17b114820a13dcef268e1ef48229ae630040c3cd6
 - waiting on tx... [success]
tokens sent to [m/44'/60'/0'/0/464]: 0xe2fccd9bcce840ac30969e73a30219a474fc7cbf3bc94028530a3964e040b72d
 - waiting on tx... [success]
 - fuel returned: 0x2442ff66f2c98a07b5ee2a79c39b9dc9ed781cb8bee3456a5f7a701a3ae8af3e
 - sleeping [58 seconds]
0x23e3434a5fc9c2abdbd60bb8a99cd5bb697fdeff1ebb65bd174de37fdeaed4bc: 39131.0
 - fuel sent: 0xc0f902e44866f6efbdc3a5c970bf848c16f8e530d516e1e8b5fbe83711c6b910
 - waiting on tx.... [success]
tokens sent to [m/44'/60'/0'/0/465]: 0x6152c8f4574e77c62769d1868a9d54e0941808899f1a642853a5f6cf4dfcab13
 - waiting on tx............ [failed]
0xb181fdda5ecdae603695ce185c8884edf4509525db4078010c59c7b8568dd81d: 58402.00000000001
 - fuel sent: 0x947512362807b6a65875a3b020b5f3792b0cb0865718b210d1ba8339739349ad
 - waiting on tx.... [success]
tokens sent to [m/44'/60'/0'/0/466]: 0x592da7e8fafdd3b20a800ca1414bdbbdbc3a4877202498c980bdde7abd18c26d
 - waiting on tx... [success]
 - fuel returned: 0x65bbf7a468f3fea9b9259244466cb4df982ef8c1f18d78e93e9620e563ba912f
 - sleeping [10 seconds]
0x2f414506a0aa00981b2b4260edd3506ad462f01e950a46e8e42538e46ef352d8: 81293.0
 - fuel sent: 0x8c612e4fbb0f18466e020710060b3e7baf75c36a6bfe6143bdc8e755b90bfa3d
 - waiting on tx.... [success]
tokens sent to [m/44'/60'/0'/0/467]: 0x0bafd841a3ef414d3e67e8a39784037d5b98d4c8a698c04074590d9de476ec7d
 - waiting on tx.... [success]
 - fuel returned: 0xfcd180259199308c0d1343ce0bb79f260d2d3113485cd51cf452bc296313aaf8
 - sleeping [46 seconds]
0x073cdb34fc17acb756abf0b27dd4d71fdf3d781ac353cc0eb37e6906529f54c6: 44004.0
 - fuel sent: 0x27e75cf6bfad64fa548087dfab1739b32b87152e6aa315cb0b8eb70a65d58fb6
 - waiting on tx... [success]
tokens sent to [m/44'/60'/0'/0/468]: 0x4eaeb3ab4f62916f6909a013dd7b27aa6719e2da164689a08da5d95f28ef71aa
 - waiting on tx.... [success]
 - fuel returned: 0x8b1827d6b34bd1dde82f5198f5c8b55f47290aa2fa0f9e5448a44b979b3895b0
 - sleeping [14 seconds]
0x230ae9aad646fbd69976320b84fbd3f05c5b29a99c099ce7bfb792eb3245aad6: 32954.0
 - fuel sent: 0x76d2d27e94d1ff29a309b7d768e33941c07e225d0bf2b985fc6a3f2e83d5c10b
 - waiting on tx... [success]
tokens sent to [m/44'/60'/0'/0/469]: 0xb3ffb60eda14a3e54f5189faf7bae24d206ac5be46c1425d110d5c83cf86e6b4
 - waiting on tx..... [success]
 - fuel returned: 0x8ffea10b814ba51c2645f8635f7c44d777838dd581df3d13011b0b4ccdd21871
 - sleeping [32 seconds]
0x31f213cd1e1bba4e841c305eb5c1013d76bfead12720f5d4802909f07ff2ca3c: 20857.0
 - fuel sent: 0x428487a956f3f4593eeef09985a308d0fb11557dbae590927ccfaa93b379b03c
 - waiting on tx.... [success]
tokens sent to [m/44'/60'/0'/0/470]: 0x3fb217350cbe8d81aa7625cdc67f75bdee1ab8f7770d8c1762f9821e6b0b87a0
 - waiting on tx............ [failed]
0x9d501cce8f3ddd0155c19e58733808bf1176e63a13740c442a1caa1d80904157: 2182.0
 - fuel sent: 0xdaa336d540d0aa02d4fed1f52471cc2f9fd3069ca522708680ca7820f57672d9
 - waiting on tx.... [success]
tokens sent to [m/44'/60'/0'/0/471]: 0x0e77884f2e6fa837c6b44bcfe73cf95c428cf4964414d0486d9581f3f29a6d0d
 - waiting on tx....... [success]
 - fuel returned: 0xb58bd4824aa0eada4073638cde43ebcd9a66787f83569b428cc6c5b1809d54c4
 - sleeping [15 seconds]
0xdc1a41f4b9c1c0ce142e6b07d7520a7fe7f1805b425c5a438158ba78e52a48bf: 31411.0
 - fuel sent: 0xaa8d7d1920f36824f8f6556eb07eeb2712cf4bc580fca7e69920f59962de749f
 - waiting on tx... [success]
tokens sent to [m/44'/60'/0'/0/472]: 0x44fcf67e462f5b6af3ec70b68f027b63e8103f0af582029acfbc22e392663674
 - waiting on tx.... [success]
 - fuel returned: 0x0783bff12f50ae96648d0b009e392921dd5c550928a4a7712d672668239fffbd
 - sleeping [58 seconds]
0x1f6bad1ce9c1ba15f1b85f08f23eb4db46b397b0e1027214166234abb365d0e0: 74246.0
 - fuel sent: 0xafbc88f8889a80123cda29be4eb36e6e5d39207029c040602fb68a5f0a05a6da
 - waiting on tx... [success]
tokens sent to [m/44'/60'/0'/0/473]: 0xa3de0d95cafdb1ad03a94cf79b13d428508a5cb578bf9c9db88074fd7c768a91
 - waiting on tx.... [success]
 - fuel returned: 0x5453ae14681e8ee5547e492b70129ca2fff14dc6911c8d42b206d91c20457355
 - sleeping [119 seconds]
0xa909fafe292928f6ad661cfdaefdf68158ff52a9ce96785942a31f9f60ee96c2: 7518.000000000001
 - fuel sent: 0x72a842171182690aedbece30633f05f883b05096b540fc86d319e8246e940f4b
 - waiting on tx.... [success]
tokens sent to [m/44'/60'/0'/0/474]: 0x5cbeaebdbb9f3edff6f0b832e7b272193de94168e12b8ae94fff8f41a559d710
 - waiting on tx... [success]
 - fuel returned: 0x87726302af2e6ada8db932cddcbd5d9c1d407f5bea22705e0fe6c2339e32ca33
 - sleeping [111 seconds]
0x3327d69c2517363d7dc28b4a33a0978f54b78fe750e8cd6ae15786362bee55b6: 63089.0
 - fuel sent: 0xf519aa16299ba8528ac959dfecc437dfc3c813b8b336d8a366f149e11c4b6db6
 - waiting on tx.... [success]
tokens sent to [m/44'/60'/0'/0/475]: 0xd9b6b83a39264a80757016fcada9c14d09db9ea01bdf75b43ea86331a25765f0
 - waiting on tx.... [success]
 - fuel returned: 0x07fdb57c5fe688b790b1d691e9f7380f4c77b9000dd286cf39fc7e3696532ea4
 - sleeping [66 seconds]
0x122953627c4039d0d4a04b8e0b1cfb94d9013d4cb7cc828eacca532a5f152bc9: 21409.000000000004
 - fuel sent: 0x941888dd31974e99a72bea60f4f8e4cf4a12d61773a2673aeaf45ae39ed2eff2
 - waiting on tx...... [success]
tokens sent to [m/44'/60'/0'/0/476]: 0xac185601b3dfce9f9c0b8c691c0419f021c7cdd169a197ee01a7dc10fcd4e908
 - waiting on tx... [success]
 - fuel returned: 0xb9a9235aaa32f908039f81d0ad78f99344415fede826919c8001c96be0b13a8b
 - sleeping [41 seconds]
0x6669ab777da7764822e846aae33e4bc54357510d44ba384fe532bae9d8ad0250: 9287.0
 - fuel sent: 0x884e900287c6df16fc922374526e73057a5bbc60d2793a41f50c826b41223a66
 - waiting on tx... [success]
tokens sent to [m/44'/60'/0'/0/477]: 0x90fa04d5e48daedaf720fef46631253d7b27073479af67d2962e2997edbc2204
 - waiting on tx..... [success]
 - fuel returned: 0x7d94025a47a6b0043ba9c9b575ec257217d5ddeeb5a0e0e67f9cc65ca59b6115
 - sleeping [25 seconds]
0x34d0ff5e69b1bfe2e1b9e068bed0280672016f7471d7f6c0660f609e3b787c47: 29363.0
 - fuel sent: 0xc89e4c4b3b1ba24c39660d0e13f1470d62e09f4bb8b009de9392450d5575edc3
 - waiting on tx... [success]
tokens sent to [m/44'/60'/0'/0/478]: 0x7f48a8d118f485fae228a7b76977de425aa90094fade3121226f8d881aad6b74
 - waiting on tx.... [success]
 - fuel returned: 0x2f33a8e9db6f9940f0093e7c77b93dd94f45d3966dfcc862a777e88cb5675c0a
 - sleeping [6 seconds]
0x8f7bfa7baeefcf3a5bb851c8bec6a3b8ea4c58983abf0c08989987d582309ce7: 75208.0
 - fuel sent: 0x98aadd2705dd1398498b1570227e99e8f3a9394bd7b44c02f841c7e7b69fbdae
 - waiting on tx.... [success]
tokens sent to [m/44'/60'/0'/0/479]: 0xd0d563a112d4f2dfd6a33ab69bd0016894902a7fccd42ed5ad9cd0238f409589
 - waiting on tx... [success]
 - fuel returned: 0xc83227967255f3a0ed4046bcf661f2945cec6ae625a8935c640f07420f390597
 - sleeping [61 seconds]
