0x4fc477739aad8eb761e47478f9171fa452c3eae79bf652b7b89635b7cbce9f0a: 20150.0
 - fuel sent: 0xd8bd7626443b0b0cfb8eae1b0fb83b633767c3b03baae6988c9b8ff08c7495f4
 - waiting on tx.... [success]
tokens sent to [m/44'/60'/0'/0/540]: 0x7a9ae83f4b5dc25cf1963f1cb6ceaaec693d18b70a0ca85679924f8d8567ea43
 - waiting on tx... [success]
 * sendFuel(): nonce too low
Traceback (most recent call last):
  File "/Users/ekkis/dev/eth/eth.py", line 261, in sendFuel
    return srv.eth.send_raw_transaction(tx.rawTransaction).hex()
           ^^^^^^^^^^^^^^^^^^^^^^^^^^^^^^^^^^^^^^^^^^^^^^^
  File "/Users/ekkis/.pyenv/versions/3.11.2/lib/python3.11/site-packages/web3/eth/eth.py", line 372, in send_raw_transaction
    return self._send_raw_transaction(transaction)
           ^^^^^^^^^^^^^^^^^^^^^^^^^^^^^^^^^^^^^^^
  File "/Users/ekkis/.pyenv/versions/3.11.2/lib/python3.11/site-packages/web3/module.py", line 68, in caller
    result = w3.manager.request_blocking(
             ^^^^^^^^^^^^^^^^^^^^^^^^^^^^
  File "/Users/ekkis/.pyenv/versions/3.11.2/lib/python3.11/site-packages/web3/manager.py", line 232, in request_blocking
    return self.formatted_response(
           ^^^^^^^^^^^^^^^^^^^^^^^^
  File "/Users/ekkis/.pyenv/versions/3.11.2/lib/python3.11/site-packages/web3/manager.py", line 205, in formatted_response
    raise ValueError(response["error"])
ValueError: {'code': -32000, 'message': 'nonce too low'}

During handling of the above exception, another exception occurred:

Traceback (most recent call last):
  File "/Users/ekkis/dev/eth/./eth.send.ls", line 57, in <module>
    tx = eth.sendFuel(to=main, acct=acct)
         ^^^^^^^^^^^^^^^^^^^^^^^^^^^^^^^^
  File "/Users/ekkis/dev/eth/eth.py", line 266, in sendFuel
    print(f' * {acct["path"]} {acct["address"]}: {balance(acct)} eth')
                ~~~~^^^^^^^^
KeyError: 'path'
0x4fc477739aad8eb761e47478f9171fa452c3eae79bf652b7b89635b7cbce9f0a: 0.0
 - fuel returned: 0xf426b2450dfa77f7528cbd9dad02299357cc0b63420cf36dc0b9eb8a68aca80c
0x8888b60a1f90668f8f210404ab47b159deb6ca97815f447233c2d676a3a5cf3c: 4201.0
 - fuel sent: 0x553406c629c33772538b72badf2384953f22e69df92e8a7666cf259573c11406
 - waiting on tx.... [success]
tokens sent to [m/44'/60'/0'/0/541]: 0xc24cdd73fe5c1e459fcf7c7aa2a1ae0d8173188cbdb545ef30c04b80214077d6
 - waiting on tx... [success]
 - fuel returned: 0xd9b819c95200dde93455068f07e1b5b378108297f6b40c838d1197d877dad7bd
0xf1f8aed24593dfff5a26f0e682b434dc56f5a3d0123d28d147d58ed1c935e6df: 59752.0
 - fuel sent: 0x0f71e4e83efad89089fa17fd101158997ea3cf1d3eceb8eafa6d05358de91ab9
 - waiting on tx........ [success]
tokens sent to [m/44'/60'/0'/0/542]: 0xa801359fe7029c6245d8d816cfaeb7b399740643f72dc848ff38caa9ee615c9a
 - waiting on tx............ [failed]
0x30532712aea489281038e75ba8e9533b120ef6bf8661b19b097b5cb594479681: 43568.00000000001
 - fuel sent: 0xe03a2c6267591ef83480ee778200a60ac16dd0f3955eea394222899371c80b8c
 - waiting on tx.... [success]
tokens sent to [m/44'/60'/0'/0/543]: 0xd7dfe8d3e90d967359b8b8f4af22726588e3c21d77d8b3b7175aa4c073f3e2f7
 - waiting on tx... [success]
 - fuel returned: 0xadae1c8d371b02a309f0f0300ab0c4c25af6f8eb30648edb9e25a235b70365dd
0x6022ec5364e36dd704055f564dfbcd0bd71c1019b007f61b83c9a58203eb96df: 83083.0
 - fuel sent: 0x40c06666efb844f3a779ea200270b326f94af0a92a634c6e4cdf5b3143e35f25
 - waiting on tx... [success]
tokens sent to [m/44'/60'/0'/0/544]: 0x2881e33dd1a66845a0f946567c6c01b2b43fd636a0f5dd88a8870486a8197d5f
 - waiting on tx............ [failed]
0xc1e8b45426442f4c4fc36539cc528c99d329a9a622d5f7409155bb861c31389f: 13752.0
 - fuel sent: 0x7e2af76d7650ff0d40285fdba674ac14e93c652bc3ac8a4aa87e0924c3155e51
 - waiting on tx.... [success]
tokens sent to [m/44'/60'/0'/0/545]: 0x3e3c34c7e66e7694f58e4f1f1e767d2abfaab2b372e1d0ba251d196ea5a815c2
 - waiting on tx.... [success]
 - fuel returned: 0xfa9f7a1b7c0d600e83b3e0b00c653e7f36e0b9fb3f4a352cc70ce6bae6439e92
0xc7c1a6ba5656563c9cf2c0d3065fdc9d5f8125f0ef1b19e09cac7bcd8c5f27ed: 45951.0
 - fuel sent: 0x434ba83c4eea363439ddd9ca3dc2cc57485c7956a953619927287927fd5b3feb
 - waiting on tx...... [success]
tokens sent to [m/44'/60'/0'/0/546]: 0x8506b5184df20b40aee23276f101737112b58e5a647f63128944743f2c8fb503
 - waiting on tx.... [success]
 - fuel returned: 0xd41192ff18af638e9e3f5cbba93569f7829b31e94e0f6de541d54abb1d01b1fb
0xc248c29e437a581b790f6d017229ed9078a8bf8d65d43cd53452f097a483577e: 81580.0
 - fuel sent: 0x0701e98d34d085c963ff972611642073bc3fa86987141492c53a763c05d9389c
 - waiting on tx................................................................................................................................................................................................................................. [success]
tokens sent to [m/44'/60'/0'/0/547]: 0xf46209d86d2824e8e844655eb158fc4b92174885d4bd400b510ece021152c1c9
 - waiting on tx............ [failed]
0xde6732cf159cb9f6d8dfde97667b39fa59f8c493762107d4d3dab7444abebdb5: 43803.0
 - fuel sent: 0xc0a4ac32fdcd3b2b3413e4fcab283267f2718223b3ec8c3210db89d9f4e5b496
 - waiting on tx... [success]
tokens sent to [m/44'/60'/0'/0/548]: 0x18ccc6c86650feaff556306a2a5c39f594843d360e600a401bdd7d2692ccfbd3
 - waiting on tx.... [success]
 - fuel returned: 0xd94453b2790c68c6bfc5f4bcd7c59b471bf3eb1e543bcee3a2392d3865874219
0x4f89ceb0b7f1752a354b5640972bc7a27d0d9fd8e695bd55ba73cfae9c898e59: 44373.0
 - fuel sent: 0x64db62daa420da7f76313461c80b6ae11e2279d518eb84a7ac21873cde69febc
 - waiting on tx.... [success]
tokens sent to [m/44'/60'/0'/0/549]: 0xe32ea28506930932cdc77fdd008aa82028262f61ccf10375c92715a4d8a3fb88
 - waiting on tx.... [success]
 - fuel returned: 0xaa26db642d9475b6fe1a92e8d8334b7ba74c6c0c2221b00f98e66871575ffa73
0xcba2657e8ad8cc2a0699731357da75007eaad6638cc66418e552557ef8537ef5: 81677.99999999999
 - fuel sent: 0x2dd2fe579e0ff8d69bcc36e87b18f69e959880d07a6c53aa22f1100ac69611b1
 - waiting on tx............... [success]
tokens sent to [m/44'/60'/0'/0/550]: 0x34f09cf888045616e3ffda70937ae5acd8a949027376ea0d9acb13c8460275fd
 - waiting on tx............ [failed]
0xe662dce438c97652343411794f9deade5e3aeb1f6fa9833a825aed750c9bb261: 69213.0
 - fuel sent: 0x7fe1baf7117968d711725f5d8561404354df0a39b312337e896ac2266bf9dc03
 - waiting on tx....... [success]
tokens sent to [m/44'/60'/0'/0/551]: 0xcb29d483b8999c4072e79a3ce7cf27ac1c7c0165335c2130d1a6e84289528150
 - waiting on tx............ [failed]
0x452169e5afa9c55c49df9541843962dd1125e721130f836a9b9c3d042f408046: 79382.0
 - fuel sent: 0xf37296e3659ff136e2a58c50179acf26558e9e6c3b2910694cbf55cf00aba99b
 - waiting on tx......................................................................................................................................... [success]
tokens sent to [m/44'/60'/0'/0/552]: 0x4a5855194e2bfad2cd81adf9f20c2af12935bf4f9b7118e55de7d442a3efb480
 - waiting on tx............ [failed]
0x415bbdef10629c7b2a259284ef3e08c26bb10b144ef291dfad5fec6e9145eed7: 34586.0
 - fuel sent: 0xdd37d6ecb7404880034514dcfd5e6f002d4c9135b3295c02429116c5d95b51ae
 - waiting on tx....... [success]
tokens sent to [m/44'/60'/0'/0/553]: 0xf3d9d4eaacb58f50239cc699ebb72d65a46c749860d5a5a7ecad8f01d4e58393
 - waiting on tx............ [failed]
0x04a252594e1cc37102488a16c9600dbd9a5b9caa38e8991195f7daaec89b7917: 10929.0
 - fuel sent: 0xe8dc3a8eb284f1801ff209af36f58bfdeea306e2060423f6d36009043658872f
 - waiting on tx.... [success]
tokens sent to [m/44'/60'/0'/0/554]: 0xf13bbef297504976df6898a9f5f4e8faedd0b684a1b77f6570503cba1a045f08
 - waiting on tx... [success]
 - fuel returned: 0xfb90f119742da0c61ed4ae91529e2b5ef41e9432fe422f6abc3b511db5765425
0x17ed06758abc3c869def31bfef7a1c0cb660aa1c0616c8eee278ca7d80ec4545: 50758.99999999999
 - fuel sent: 0x6aa3d258af5552c4194af8079c06a7f2899882d908c80d171a1091f812fd1aba
 - waiting on tx... [success]
tokens sent to [m/44'/60'/0'/0/555]: 0x5979ca68798f71e52317bbc3410c004fbf1064964c555d573fc2483469583a57
 - waiting on tx.... [success]
 - fuel returned: 0x69bfb2c17851a317a6803c860e1ba8a3e1a758f5053b7704f7c1a1b9374c7b8c
0x97b5bdebeaf0785dc3be7c5443ddb8b63726f671fe0dcc60fdce3339658240f6: 28093.0
 - fuel sent: 0xf22848537ffa40d97b8de886233aa07f362dc4f708b04820b367a499316a17d6
 - waiting on tx..... [success]
tokens sent to [m/44'/60'/0'/0/556]: 0xad83124967a1a1a17df07f45e75e5a8801f9bc211968c8d2f2d19359d56902b3
 - waiting on tx... [success]
 - fuel returned: 0xbdae7cabb8c6348ca1ce260d93f74e78a56ecfa08fae39d0287331c6c0774852
0x80dd07ec52d7aa51b15d4dd9808bc950574278a5ebb1959baf3282e363646b0d: 48161.0
 - fuel sent: 0xef9265b9b451c108296b62e186ed9cd0142705cf9b43ab85e8d35868a6b367e8
 - waiting on tx.... [success]
tokens sent to [m/44'/60'/0'/0/557]: 0x4336bd41c749c20382001a5adcd320620ea4a04d54fac47f5f450d6233997b0b
 - waiting on tx....... [success]
 - fuel returned: 0xbb66c2618e4be0d82838cc0fd00bbd374033b293c0e4ca413a0f5e10d3160d35
0xd072f792bdaf961c76aa20890516802477933404f6004efbb0ddee5001a30504: 87820.0
 - fuel sent: 0x45d8e242585ee8bbd50410090f6ba0d78b928e8fa8e27d57f9e668015250bdb2
 - waiting on tx... [success]
tokens sent to [m/44'/60'/0'/0/558]: 0x0bcb6026113baf4349662b061f9c99b7c2b4fdc6e5603366c452247a0926e262
 - waiting on tx.... [success]
 - fuel returned: 0x2603d8ba935e6770fdf125735dde84546dc895fe9fcfeffef9f009fae488d05c
0xbddf6b917e48b94afcdedea223b1eafd2489ce95d4fc4110fa76a23423e85a6b: 11709.0
 - fuel sent: 0x721425b625908f7579f212a26b59d24aa8ac472ea87cc9af199ec8b895c73969
 - waiting on tx.... [success]
tokens sent to [m/44'/60'/0'/0/559]: 0xe0f90e873b8a332d186f3ff25aeb158137afeac775e0f73802318542cf4e9179
 - waiting on tx........ [success]
 - fuel returned: 0x18f23bfce040a2919b34f2e03d11ba4c7e5e329856b0b002eff77b2c0ac69c87
0xa352dd2b66649a90c5ce5bf68d0a6f44b3fefc2c1624a49775ab34bc3805d635: 64845.0
 - fuel sent: 0x2bfd888b1ad25c2a00fb929557095bd322cd65a3afdd15bcbc90a46fb62cafbb
 - waiting on tx.......... [success]
tokens sent to [m/44'/60'/0'/0/560]: 0xb674940452f98c2e82f5cd83598ad165af3b2d969dda4900ad0828fafff7a12d
 - waiting on tx............ [failed]
0x574bcb94d8126a3fc3d189f41d5f191585acf69965d01257792f283eb19c7962: 20470.0
 - fuel sent: 0xe384c3bddd45b86be51e9b6149e4efddeb7867a5b4f655ece5980f22adb84ed7
 - waiting on tx.... [success]
tokens sent to [m/44'/60'/0'/0/561]: 0x65336fc5ce03b5af94487a6d90b23322ad37fb1d9adccc2cfe53659846f87d27
 - waiting on tx....... [success]
 - fuel returned: 0x15b2cbcf9539b737753db3f16cc168fdde69c11d5c31c696c8ef8cdb71e6e0af
0xcd75b853134bc357b600a6f8242e731d1a2fcff4692ad05dca6deecec0acc0fb: 81290.0
 - fuel sent: 0xa6d7d73affa09d59fdb4d7d849eb1126fd807ef08ce788c6d7de295d0695fbb0
 - waiting on tx... [success]
tokens sent to [m/44'/60'/0'/0/562]: 0xdb81c704fe589596acca44c2f4bb7107a1504f7585bc36ca3a287bca5ae04540
 - waiting on tx.... [success]
 - fuel returned: 0x09bb8f74d15c25fa2200c9900034c18e5fddea4385367a2071408981cefebf78
0xe56b4f6e10434c6fa30c83d858c8ce8cbf0983c5482f63ba535e182a14819ef6: 79419.0
 - fuel sent: 0xe8bc9ad696bd008a62924ad2cd7b9d9605e84757895b32ec4c7e643c8924fabb
 - waiting on tx..... [success]
tokens sent to [m/44'/60'/0'/0/563]: 0x74792a81b3d9714aff04540ec55fb4fdcd8402e3732f4d064c149ecde2109d93
 - waiting on tx.... [success]
Traceback (most recent call last):
  File "/Users/ekkis/.pyenv/versions/3.11.2/lib/python3.11/site-packages/rlp/sedes/lists.py", line 76, in serialize
    yield sedes.serialize(element)
          ^^^^^^^^^^^^^^^^^^^^^^^^
  File "/Users/ekkis/.pyenv/versions/3.11.2/lib/python3.11/site-packages/rlp/sedes/big_endian_int.py", line 26, in serialize
    raise SerializationError('Cannot serialize negative integers', obj)
rlp.exceptions.SerializationError: Cannot serialize negative integers

During handling of the above exception, another exception occurred:

Traceback (most recent call last):
  File "/Users/ekkis/.pyenv/versions/3.11.2/lib/python3.11/site-packages/rlp/sedes/serializable.py", line 266, in serialize
    return cls._meta.sedes.serialize(obj)
           ^^^^^^^^^^^^^^^^^^^^^^^^^^^^^^
  File "/Users/ekkis/.pyenv/versions/3.11.2/lib/python3.11/site-packages/eth_utils/functional.py", line 45, in inner
    return callback(fn(*args, **kwargs))
           ^^^^^^^^^^^^^^^^^^^^^^^^^^^^^
  File "/Users/ekkis/.pyenv/versions/3.11.2/lib/python3.11/site-packages/rlp/sedes/lists.py", line 78, in serialize
    raise ListSerializationError(obj=obj, element_exception=e, index=index)
rlp.exceptions.ListSerializationError: Serialization failed because of element at index 4 ("Cannot serialize negative integers")

During handling of the above exception, another exception occurred:

Traceback (most recent call last):
  File "/Users/ekkis/dev/eth/eth.py", line 260, in sendFuel
    tx = srv.eth.account.sign_transaction(tx, x2b(acct['pk']))
         ^^^^^^^^^^^^^^^^^^^^^^^^^^^^^^^^^^^^^^^^^^^^^^^^^^^^^
  File "/Users/ekkis/.pyenv/versions/3.11.2/lib/python3.11/site-packages/eth_utils/decorators.py", line 18, in _wrapper
    return self.method(obj, *args, **kwargs)
           ^^^^^^^^^^^^^^^^^^^^^^^^^^^^^^^^^
  File "/Users/ekkis/.pyenv/versions/3.11.2/lib/python3.11/site-packages/eth_account/account.py", line 770, in sign_transaction
    ) = sign_transaction_dict(account._key_obj, sanitized_transaction)
        ^^^^^^^^^^^^^^^^^^^^^^^^^^^^^^^^^^^^^^^^^^^^^^^^^^^^^^^^^^^^^^
  File "/Users/ekkis/.pyenv/versions/3.11.2/lib/python3.11/site-packages/eth_account/_utils/signing.py", line 34, in sign_transaction_dict
    transaction_hash = unsigned_transaction.hash()
                       ^^^^^^^^^^^^^^^^^^^^^^^^^^^
  File "/Users/ekkis/.pyenv/versions/3.11.2/lib/python3.11/site-packages/eth_rlp/main.py", line 84, in hash
    return pipe(
           ^^^^^
  File "cytoolz/functoolz.pyx", line 666, in cytoolz.functoolz.pipe
  File "cytoolz/functoolz.pyx", line 641, in cytoolz.functoolz.c_pipe
  File "/Users/ekkis/.pyenv/versions/3.11.2/lib/python3.11/site-packages/rlp/codec.py", line 120, in encode
    item = infer_sedes(obj).serialize(obj)
           ^^^^^^^^^^^^^^^^^^^^^^^^^^^^^^^
  File "/Users/ekkis/.pyenv/versions/3.11.2/lib/python3.11/site-packages/rlp/sedes/serializable.py", line 268, in serialize
    raise ObjectSerializationError(obj=obj, sedes=cls, list_exception=e)
rlp.exceptions.ObjectSerializationError: Serialization failed because of field value ("Cannot serialize negative integers")

During handling of the above exception, another exception occurred:

Traceback (most recent call last):
  File "/Users/ekkis/dev/eth/./eth.send.ls", line 57, in <module>
    tx = eth.sendFuel(to=main, acct=acct)
         ^^^^^^^^^^^^^^^^^^^^^^^^^^^^^^^^
  File "/Users/ekkis/dev/eth/eth.py", line 268, in sendFuel
    raise e
TypeError: exceptions must derive from BaseException
0x4fc477739aad8eb761e47478f9171fa452c3eae79bf652b7b89635b7cbce9f0a: 0.0
0x8888b60a1f90668f8f210404ab47b159deb6ca97815f447233c2d676a3a5cf3c: 0.0
0xf1f8aed24593dfff5a26f0e682b434dc56f5a3d0123d28d147d58ed1c935e6df: 0.0
 - fuel returned: 0xa2a38637607a2a9ad75a7a076d2d5697d1a6f767cea4cfc5fab16c073e279127
0x30532712aea489281038e75ba8e9533b120ef6bf8661b19b097b5cb594479681: 0.0
0x6022ec5364e36dd704055f564dfbcd0bd71c1019b007f61b83c9a58203eb96df: 0.0
 - fuel returned: 0x849b656717179031c8488e4d0814bb714668b38280e8878e84bba57ba5af5eef
0xc1e8b45426442f4c4fc36539cc528c99d329a9a622d5f7409155bb861c31389f: 0.0
 - fuel returned: 0x57f093f6f09c2cd7d5293efa4305a66aadc8cb22769704f795abb0049c14f3fd
0xc7c1a6ba5656563c9cf2c0d3065fdc9d5f8125f0ef1b19e09cac7bcd8c5f27ed: 0.0
0xc248c29e437a581b790f6d017229ed9078a8bf8d65d43cd53452f097a483577e: 81580.0
tokens sent to [m/44'/60'/0'/0/547]: 0x9aa13222d8bdbcec1eebb24f75a2cf53710f3718cd901e208e4cc387a88d6b6b
 - waiting on tx.... [success]
 - fuel returned: 0x05df33dd60cbc238bf957c8de0011e6ef55a3b8b7422150436e7e9ff29452fb1
0xde6732cf159cb9f6d8dfde97667b39fa59f8c493762107d4d3dab7444abebdb5: 0.0
0x4f89ceb0b7f1752a354b5640972bc7a27d0d9fd8e695bd55ba73cfae9c898e59: 0.0
0xcba2657e8ad8cc2a0699731357da75007eaad6638cc66418e552557ef8537ef5: 81677.99999999999
tokens sent to [m/44'/60'/0'/0/550]: 0x99b88a286714b463c4686e07f1ed375b7b4d360e6757dcc843c2a65d598613ad
 - waiting on tx..... [success]
Traceback (most recent call last):
  File "/Users/ekkis/.pyenv/versions/3.11.2/lib/python3.11/site-packages/urllib3/response.py", line 761, in _update_chunk_length
    self.chunk_left = int(line, 16)
                      ^^^^^^^^^^^^^
ValueError: invalid literal for int() with base 16: b''

During handling of the above exception, another exception occurred:

Traceback (most recent call last):
  File "/Users/ekkis/.pyenv/versions/3.11.2/lib/python3.11/site-packages/urllib3/response.py", line 444, in _error_catcher
    yield
  File "/Users/ekkis/.pyenv/versions/3.11.2/lib/python3.11/site-packages/urllib3/response.py", line 828, in read_chunked
    self._update_chunk_length()
  File "/Users/ekkis/.pyenv/versions/3.11.2/lib/python3.11/site-packages/urllib3/response.py", line 765, in _update_chunk_length
    raise InvalidChunkLength(self, line)
urllib3.exceptions.InvalidChunkLength: InvalidChunkLength(got length b'', 0 bytes read)

During handling of the above exception, another exception occurred:

Traceback (most recent call last):
  File "/Users/ekkis/.pyenv/versions/3.11.2/lib/python3.11/site-packages/requests/models.py", line 816, in generate
    yield from self.raw.stream(chunk_size, decode_content=True)
  File "/Users/ekkis/.pyenv/versions/3.11.2/lib/python3.11/site-packages/urllib3/response.py", line 624, in stream
    for line in self.read_chunked(amt, decode_content=decode_content):
  File "/Users/ekkis/.pyenv/versions/3.11.2/lib/python3.11/site-packages/urllib3/response.py", line 816, in read_chunked
    with self._error_catcher():
  File "/Users/ekkis/.pyenv/versions/3.11.2/lib/python3.11/contextlib.py", line 155, in __exit__
    self.gen.throw(typ, value, traceback)
  File "/Users/ekkis/.pyenv/versions/3.11.2/lib/python3.11/site-packages/urllib3/response.py", line 461, in _error_catcher
    raise ProtocolError("Connection broken: %r" % e, e)
urllib3.exceptions.ProtocolError: ("Connection broken: InvalidChunkLength(got length b'', 0 bytes read)", InvalidChunkLength(got length b'', 0 bytes read))

During handling of the above exception, another exception occurred:

Traceback (most recent call last):
  File "/Users/ekkis/dev/eth/eth.py", line 261, in sendFuel
    return srv.eth.send_raw_transaction(tx.rawTransaction).hex()
           ^^^^^^^^^^^^^^^^^^^^^^^^^^^^^^^^^^^^^^^^^^^^^^^
  File "/Users/ekkis/.pyenv/versions/3.11.2/lib/python3.11/site-packages/web3/eth/eth.py", line 372, in send_raw_transaction
    return self._send_raw_transaction(transaction)
           ^^^^^^^^^^^^^^^^^^^^^^^^^^^^^^^^^^^^^^^
  File "/Users/ekkis/.pyenv/versions/3.11.2/lib/python3.11/site-packages/web3/module.py", line 68, in caller
    result = w3.manager.request_blocking(
             ^^^^^^^^^^^^^^^^^^^^^^^^^^^^
  File "/Users/ekkis/.pyenv/versions/3.11.2/lib/python3.11/site-packages/web3/manager.py", line 231, in request_blocking
    response = self._make_request(method, params)
               ^^^^^^^^^^^^^^^^^^^^^^^^^^^^^^^^^^
  File "/Users/ekkis/.pyenv/versions/3.11.2/lib/python3.11/site-packages/web3/manager.py", line 175, in _make_request
    return request_func(method, params)
           ^^^^^^^^^^^^^^^^^^^^^^^^^^^^
  File "/Users/ekkis/.pyenv/versions/3.11.2/lib/python3.11/site-packages/web3/middleware/formatting.py", line 99, in middleware
    response = make_request(method, params)
               ^^^^^^^^^^^^^^^^^^^^^^^^^^^^
  File "/Users/ekkis/.pyenv/versions/3.11.2/lib/python3.11/site-packages/web3/middleware/gas_price_strategy.py", line 96, in middleware
    return make_request(method, params)
           ^^^^^^^^^^^^^^^^^^^^^^^^^^^^
  File "/Users/ekkis/.pyenv/versions/3.11.2/lib/python3.11/site-packages/web3/middleware/formatting.py", line 99, in middleware
    response = make_request(method, params)
               ^^^^^^^^^^^^^^^^^^^^^^^^^^^^
  File "/Users/ekkis/.pyenv/versions/3.11.2/lib/python3.11/site-packages/web3/middleware/attrdict.py", line 38, in middleware
    response = make_request(method, params)
               ^^^^^^^^^^^^^^^^^^^^^^^^^^^^
  File "/Users/ekkis/.pyenv/versions/3.11.2/lib/python3.11/site-packages/web3/middleware/formatting.py", line 99, in middleware
    response = make_request(method, params)
               ^^^^^^^^^^^^^^^^^^^^^^^^^^^^
  File "/Users/ekkis/.pyenv/versions/3.11.2/lib/python3.11/site-packages/web3/middleware/formatting.py", line 99, in middleware
    response = make_request(method, params)
               ^^^^^^^^^^^^^^^^^^^^^^^^^^^^
  File "/Users/ekkis/.pyenv/versions/3.11.2/lib/python3.11/site-packages/web3/middleware/formatting.py", line 99, in middleware
    response = make_request(method, params)
               ^^^^^^^^^^^^^^^^^^^^^^^^^^^^
  File "/Users/ekkis/.pyenv/versions/3.11.2/lib/python3.11/site-packages/web3/middleware/buffered_gas_estimate.py", line 43, in middleware
    return make_request(method, params)
           ^^^^^^^^^^^^^^^^^^^^^^^^^^^^
  File "/Users/ekkis/.pyenv/versions/3.11.2/lib/python3.11/site-packages/web3/middleware/exception_retry_request.py", line 106, in middleware
    return make_request(method, params)
           ^^^^^^^^^^^^^^^^^^^^^^^^^^^^
  File "/Users/ekkis/.pyenv/versions/3.11.2/lib/python3.11/site-packages/web3/providers/rpc.py", line 90, in make_request
    raw_response = make_post_request(
                   ^^^^^^^^^^^^^^^^^^
  File "/Users/ekkis/.pyenv/versions/3.11.2/lib/python3.11/site-packages/web3/_utils/request.py", line 114, in make_post_request
    response = get_response_from_post_request(endpoint_uri, data=data, *args, **kwargs)
               ^^^^^^^^^^^^^^^^^^^^^^^^^^^^^^^^^^^^^^^^^^^^^^^^^^^^^^^^^^^^^^^^^^^^^^^^
  File "/Users/ekkis/.pyenv/versions/3.11.2/lib/python3.11/site-packages/web3/_utils/request.py", line 107, in get_response_from_post_request
    response = session.post(endpoint_uri, *args, **kwargs)
               ^^^^^^^^^^^^^^^^^^^^^^^^^^^^^^^^^^^^^^^^^^^
  File "/Users/ekkis/.pyenv/versions/3.11.2/lib/python3.11/site-packages/requests/sessions.py", line 635, in post
    return self.request("POST", url, data=data, json=json, **kwargs)
           ^^^^^^^^^^^^^^^^^^^^^^^^^^^^^^^^^^^^^^^^^^^^^^^^^^^^^^^^^
  File "/Users/ekkis/.pyenv/versions/3.11.2/lib/python3.11/site-packages/requests/sessions.py", line 587, in request
    resp = self.send(prep, **send_kwargs)
           ^^^^^^^^^^^^^^^^^^^^^^^^^^^^^^
  File "/Users/ekkis/.pyenv/versions/3.11.2/lib/python3.11/site-packages/requests/sessions.py", line 745, in send
    r.content
  File "/Users/ekkis/.pyenv/versions/3.11.2/lib/python3.11/site-packages/requests/models.py", line 899, in content
    self._content = b"".join(self.iter_content(CONTENT_CHUNK_SIZE)) or b""
                    ^^^^^^^^^^^^^^^^^^^^^^^^^^^^^^^^^^^^^^^^^^^^^^^
  File "/Users/ekkis/.pyenv/versions/3.11.2/lib/python3.11/site-packages/requests/models.py", line 818, in generate
    raise ChunkedEncodingError(e)
requests.exceptions.ChunkedEncodingError: ("Connection broken: InvalidChunkLength(got length b'', 0 bytes read)", InvalidChunkLength(got length b'', 0 bytes read))

During handling of the above exception, another exception occurred:

Traceback (most recent call last):
  File "/Users/ekkis/dev/eth/./eth.send.ls", line 57, in <module>
    tx = eth.sendFuel(to=main, acct=acct)
         ^^^^^^^^^^^^^^^^^^^^^^^^^^^^^^^^
  File "/Users/ekkis/dev/eth/eth.py", line 268, in sendFuel
    raise e
TypeError: exceptions must derive from BaseException
0x4fc477739aad8eb761e47478f9171fa452c3eae79bf652b7b89635b7cbce9f0a: 0.0
0x8888b60a1f90668f8f210404ab47b159deb6ca97815f447233c2d676a3a5cf3c: 0.0
0xf1f8aed24593dfff5a26f0e682b434dc56f5a3d0123d28d147d58ed1c935e6df: 0.0
0x30532712aea489281038e75ba8e9533b120ef6bf8661b19b097b5cb594479681: 0.0
0x6022ec5364e36dd704055f564dfbcd0bd71c1019b007f61b83c9a58203eb96df: 0.0
0xc1e8b45426442f4c4fc36539cc528c99d329a9a622d5f7409155bb861c31389f: 0.0
0xc7c1a6ba5656563c9cf2c0d3065fdc9d5f8125f0ef1b19e09cac7bcd8c5f27ed: 0.0
0xc248c29e437a581b790f6d017229ed9078a8bf8d65d43cd53452f097a483577e: 0.0
0xde6732cf159cb9f6d8dfde97667b39fa59f8c493762107d4d3dab7444abebdb5: 0.0
0x4f89ceb0b7f1752a354b5640972bc7a27d0d9fd8e695bd55ba73cfae9c898e59: 0.0
0xcba2657e8ad8cc2a0699731357da75007eaad6638cc66418e552557ef8537ef5: 0.0
0xe662dce438c97652343411794f9deade5e3aeb1f6fa9833a825aed750c9bb261: 0.0
 - fuel returned: 0xdff22909a08d89f2914ce828852a76cefccfa37af0f5f5e1841affb584c0f508
0x452169e5afa9c55c49df9541843962dd1125e721130f836a9b9c3d042f408046: 0.0
 - fuel returned: 0xa89bb64ef2f540337c0ba6d83dfcf655dc85ac3a61c305a68028ecdb99715319
0x415bbdef10629c7b2a259284ef3e08c26bb10b144ef291dfad5fec6e9145eed7: 0.0
 - fuel returned: 0xe9b27de276e3ed3004f8a9183d8378baea7fafa9717cc485624e6dc62bc6d00e
0x04a252594e1cc37102488a16c9600dbd9a5b9caa38e8991195f7daaec89b7917: 0.0
0x17ed06758abc3c869def31bfef7a1c0cb660aa1c0616c8eee278ca7d80ec4545: 0.0
0x97b5bdebeaf0785dc3be7c5443ddb8b63726f671fe0dcc60fdce3339658240f6: 0.0
0x80dd07ec52d7aa51b15d4dd9808bc950574278a5ebb1959baf3282e363646b0d: 0.0
0xd072f792bdaf961c76aa20890516802477933404f6004efbb0ddee5001a30504: 0.0
0xbddf6b917e48b94afcdedea223b1eafd2489ce95d4fc4110fa76a23423e85a6b: 0.0
0xa352dd2b66649a90c5ce5bf68d0a6f44b3fefc2c1624a49775ab34bc3805d635: 0.0
 - fuel returned: 0xa8166be6c6ad24fc1eda0d3d24acd3d7c5dfe9d57b14d0f20b05965dd5f683d1
0x574bcb94d8126a3fc3d189f41d5f191585acf69965d01257792f283eb19c7962: 0.0
0xcd75b853134bc357b600a6f8242e731d1a2fcff4692ad05dca6deecec0acc0fb: 0.0
0xe56b4f6e10434c6fa30c83d858c8ce8cbf0983c5482f63ba535e182a14819ef6: 0.0
 - fuel returned: 0x309626cdfd381c58db8bea09b159c071864237ceea4acc850fa4da1ad59e797b
0xf86cbe126cbb7a36343d69100be23d5bda279a5308d15f639543dce4b53cb730: 45657.00000000001
 - fuel sent: 0x328c4761336bc1bca90054f98e11e180d5faee18a09d433035f7e8ded0d47512
 - waiting on tx.... [success]
tokens sent to [m/44'/60'/0'/0/564]: 0x2f97e91d45b585f6e1d503a030a304a432be96fa67e7ea977bdc56e4f15d0e63
 - waiting on tx............ [failed]
0x86c103a4f5aa9a5996d528cbda5039340c0a6cacc8b446c4d600026c95345837: 42475.0
 - fuel sent: 0x4bcbe9473837bb8e9d83bdc085f868579954b26d028ff8834f83adb8e9158662
 - waiting on tx.... [success]
tokens sent to [m/44'/60'/0'/0/565]: 0xd114698cffb9854cf4534e9ca53a4502ca05b0880eb23567296dace8e9a23667
 - waiting on tx.... [success]
 - fuel returned: 0xd9b88f9bd0b7d3e8211a00d9b4e1497e8114d346a8fdce6a8edebff8b87f8bad
0x72cf68f9b1d0fc531feba074aac6c9734f99886509e4bc842119fea0a075e355: 29947.0
 - fuel sent: 0x6a0b7fa4490bcb5592ada1ec688ae3e9ebc4044cb3ef4cb08cc3d26eaa434e31
 - waiting on tx... [success]
tokens sent to [m/44'/60'/0'/0/566]: 0xa48c543da92a7340469009c5b85cd26106cf505f29126e125a281f1bfdd9e032
 - waiting on tx.... [success]
 - fuel returned: 0x3b8bce87866ce97de33232783fa6e8f51ed85675453cee67282c0969be0408a7
0x6bb3199b669d6e108c53c909694ee9a78a024d7acaa2629f073e42964c1a2458: 54129.0
 - fuel sent: 0x97394a5eb8f9a7ee1aeadd4c7a8aee87f53bdc09c6d0519828078ad857938337
 - waiting on tx........... [success]
tokens sent to [m/44'/60'/0'/0/567]: 0x5955405276235e2cb89b141ba7060ac9cb3f037fc70350a6ac31c269cd84ac44
 - waiting on tx......... [success]
 - fuel returned: 0x2fa3710f0aa0e88a69f014753e8ea472a0b6b05baec07527e8f0fd804c80ea1f
0x68de000c12bd2ea01c98ff9b10ae3a5798fd898cdcc7dfb01f68794cde07a60b: 5878.000000000001
 - fuel sent: 0x5dbb39779bd21bdabd84c4815bc6c6096649ff1620bb9bea0e2c89076dec3f44
 - waiting on tx..............................................................................................................................................................................................................................................................................................................................................................................................................................................................................................................................................................................................................................................................................................................................................................................................................................................................................................................................................................................................................................................Traceback (most recent call last):
  File "/Users/ekkis/.pyenv/versions/3.11.2/lib/python3.11/site-packages/urllib3/connection.py", line 174, in _new_conn
    conn = connection.create_connection(
           ^^^^^^^^^^^^^^^^^^^^^^^^^^^^^
  File "/Users/ekkis/.pyenv/versions/3.11.2/lib/python3.11/site-packages/urllib3/util/connection.py", line 72, in create_connection
    for res in socket.getaddrinfo(host, port, family, socket.SOCK_STREAM):
               ^^^^^^^^^^^^^^^^^^^^^^^^^^^^^^^^^^^^^^^^^^^^^^^^^^^^^^^^^^
  File "/Users/ekkis/.pyenv/versions/3.11.2/lib/python3.11/socket.py", line 962, in getaddrinfo
    for res in _socket.getaddrinfo(host, port, family, type, proto, flags):
               ^^^^^^^^^^^^^^^^^^^^^^^^^^^^^^^^^^^^^^^^^^^^^^^^^^^^^^^^^^^
socket.gaierror: [Errno 8] nodename nor servname provided, or not known

During handling of the above exception, another exception occurred:

Traceback (most recent call last):
  File "/Users/ekkis/.pyenv/versions/3.11.2/lib/python3.11/site-packages/urllib3/connectionpool.py", line 703, in urlopen
    httplib_response = self._make_request(
                       ^^^^^^^^^^^^^^^^^^^
  File "/Users/ekkis/.pyenv/versions/3.11.2/lib/python3.11/site-packages/urllib3/connectionpool.py", line 386, in _make_request
    self._validate_conn(conn)
  File "/Users/ekkis/.pyenv/versions/3.11.2/lib/python3.11/site-packages/urllib3/connectionpool.py", line 1042, in _validate_conn
    conn.connect()
  File "/Users/ekkis/.pyenv/versions/3.11.2/lib/python3.11/site-packages/urllib3/connection.py", line 358, in connect
    self.sock = conn = self._new_conn()
                       ^^^^^^^^^^^^^^^^
  File "/Users/ekkis/.pyenv/versions/3.11.2/lib/python3.11/site-packages/urllib3/connection.py", line 186, in _new_conn
    raise NewConnectionError(
urllib3.exceptions.NewConnectionError: <urllib3.connection.HTTPSConnection object at 0x110b98610>: Failed to establish a new connection: [Errno 8] nodename nor servname provided, or not known

During handling of the above exception, another exception occurred:

Traceback (most recent call last):
  File "/Users/ekkis/.pyenv/versions/3.11.2/lib/python3.11/site-packages/requests/adapters.py", line 489, in send
    resp = conn.urlopen(
           ^^^^^^^^^^^^^
  File "/Users/ekkis/.pyenv/versions/3.11.2/lib/python3.11/site-packages/urllib3/connectionpool.py", line 787, in urlopen
    retries = retries.increment(
              ^^^^^^^^^^^^^^^^^^
  File "/Users/ekkis/.pyenv/versions/3.11.2/lib/python3.11/site-packages/urllib3/util/retry.py", line 592, in increment
    raise MaxRetryError(_pool, url, error or ResponseError(cause))
urllib3.exceptions.MaxRetryError: HTTPSConnectionPool(host='api.zmok.io', port=443): Max retries exceeded with url: /mainnet/sfbitikqej2f0fzd (Caused by NewConnectionError('<urllib3.connection.HTTPSConnection object at 0x110b98610>: Failed to establish a new connection: [Errno 8] nodename nor servname provided, or not known'))

During handling of the above exception, another exception occurred:

Traceback (most recent call last):
  File "/Users/ekkis/dev/eth/./eth.send.ls", line 49, in <module>
    if not eth.topUp(acct, fuel): continue
           ^^^^^^^^^^^^^^^^^^^^^
  File "/Users/ekkis/dev/eth/eth.py", line 221, in topUp
    stat = txWait(tx, sleep, -1) # waits forever
           ^^^^^^^^^^^^^^^^^^^^^
  File "/Users/ekkis/dev/eth/eth.py", line 146, in txWait
    ret = srv.eth.get_transaction_receipt(id)
          ^^^^^^^^^^^^^^^^^^^^^^^^^^^^^^^^^^^
  File "/Users/ekkis/.pyenv/versions/3.11.2/lib/python3.11/site-packages/web3/eth/eth.py", line 459, in get_transaction_receipt
    return self._transaction_receipt(transaction_hash)
           ^^^^^^^^^^^^^^^^^^^^^^^^^^^^^^^^^^^^^^^^^^^
  File "/Users/ekkis/.pyenv/versions/3.11.2/lib/python3.11/site-packages/web3/module.py", line 68, in caller
    result = w3.manager.request_blocking(
             ^^^^^^^^^^^^^^^^^^^^^^^^^^^^
  File "/Users/ekkis/.pyenv/versions/3.11.2/lib/python3.11/site-packages/web3/manager.py", line 231, in request_blocking
    response = self._make_request(method, params)
               ^^^^^^^^^^^^^^^^^^^^^^^^^^^^^^^^^^
  File "/Users/ekkis/.pyenv/versions/3.11.2/lib/python3.11/site-packages/web3/manager.py", line 175, in _make_request
    return request_func(method, params)
           ^^^^^^^^^^^^^^^^^^^^^^^^^^^^
  File "/Users/ekkis/.pyenv/versions/3.11.2/lib/python3.11/site-packages/web3/middleware/formatting.py", line 99, in middleware
    response = make_request(method, params)
               ^^^^^^^^^^^^^^^^^^^^^^^^^^^^
  File "/Users/ekkis/.pyenv/versions/3.11.2/lib/python3.11/site-packages/web3/middleware/gas_price_strategy.py", line 96, in middleware
    return make_request(method, params)
           ^^^^^^^^^^^^^^^^^^^^^^^^^^^^
  File "/Users/ekkis/.pyenv/versions/3.11.2/lib/python3.11/site-packages/web3/middleware/formatting.py", line 99, in middleware
    response = make_request(method, params)
               ^^^^^^^^^^^^^^^^^^^^^^^^^^^^
  File "/Users/ekkis/.pyenv/versions/3.11.2/lib/python3.11/site-packages/web3/middleware/attrdict.py", line 38, in middleware
    response = make_request(method, params)
               ^^^^^^^^^^^^^^^^^^^^^^^^^^^^
  File "/Users/ekkis/.pyenv/versions/3.11.2/lib/python3.11/site-packages/web3/middleware/formatting.py", line 99, in middleware
    response = make_request(method, params)
               ^^^^^^^^^^^^^^^^^^^^^^^^^^^^
  File "/Users/ekkis/.pyenv/versions/3.11.2/lib/python3.11/site-packages/web3/middleware/formatting.py", line 99, in middleware
    response = make_request(method, params)
               ^^^^^^^^^^^^^^^^^^^^^^^^^^^^
  File "/Users/ekkis/.pyenv/versions/3.11.2/lib/python3.11/site-packages/web3/middleware/formatting.py", line 99, in middleware
    response = make_request(method, params)
               ^^^^^^^^^^^^^^^^^^^^^^^^^^^^
  File "/Users/ekkis/.pyenv/versions/3.11.2/lib/python3.11/site-packages/web3/middleware/buffered_gas_estimate.py", line 43, in middleware
    return make_request(method, params)
           ^^^^^^^^^^^^^^^^^^^^^^^^^^^^
  File "/Users/ekkis/.pyenv/versions/3.11.2/lib/python3.11/site-packages/web3/middleware/exception_retry_request.py", line 106, in middleware
    return make_request(method, params)
           ^^^^^^^^^^^^^^^^^^^^^^^^^^^^
  File "/Users/ekkis/.pyenv/versions/3.11.2/lib/python3.11/site-packages/web3/providers/rpc.py", line 90, in make_request
    raw_response = make_post_request(
                   ^^^^^^^^^^^^^^^^^^
  File "/Users/ekkis/.pyenv/versions/3.11.2/lib/python3.11/site-packages/web3/_utils/request.py", line 114, in make_post_request
    response = get_response_from_post_request(endpoint_uri, data=data, *args, **kwargs)
               ^^^^^^^^^^^^^^^^^^^^^^^^^^^^^^^^^^^^^^^^^^^^^^^^^^^^^^^^^^^^^^^^^^^^^^^^
  File "/Users/ekkis/.pyenv/versions/3.11.2/lib/python3.11/site-packages/web3/_utils/request.py", line 107, in get_response_from_post_request
    response = session.post(endpoint_uri, *args, **kwargs)
               ^^^^^^^^^^^^^^^^^^^^^^^^^^^^^^^^^^^^^^^^^^^
  File "/Users/ekkis/.pyenv/versions/3.11.2/lib/python3.11/site-packages/requests/sessions.py", line 635, in post
    return self.request("POST", url, data=data, json=json, **kwargs)
           ^^^^^^^^^^^^^^^^^^^^^^^^^^^^^^^^^^^^^^^^^^^^^^^^^^^^^^^^^
  File "/Users/ekkis/.pyenv/versions/3.11.2/lib/python3.11/site-packages/requests/sessions.py", line 587, in request
    resp = self.send(prep, **send_kwargs)
           ^^^^^^^^^^^^^^^^^^^^^^^^^^^^^^
  File "/Users/ekkis/.pyenv/versions/3.11.2/lib/python3.11/site-packages/requests/sessions.py", line 701, in send
    r = adapter.send(request, **kwargs)
        ^^^^^^^^^^^^^^^^^^^^^^^^^^^^^^^
  File "/Users/ekkis/.pyenv/versions/3.11.2/lib/python3.11/site-packages/requests/adapters.py", line 565, in send
    raise ConnectionError(e, request=request)
requests.exceptions.ConnectionError: HTTPSConnectionPool(host='api.zmok.io', port=443): Max retries exceeded with url: /mainnet/sfbitikqej2f0fzd (Caused by NewConnectionError('<urllib3.connection.HTTPSConnection object at 0x110b98610>: Failed to establish a new connection: [Errno 8] nodename nor servname provided, or not known'))
0x4fc477739aad8eb761e47478f9171fa452c3eae79bf652b7b89635b7cbce9f0a: 0.0
0x8888b60a1f90668f8f210404ab47b159deb6ca97815f447233c2d676a3a5cf3c: 0.0
0xf1f8aed24593dfff5a26f0e682b434dc56f5a3d0123d28d147d58ed1c935e6df: 0.0
0x30532712aea489281038e75ba8e9533b120ef6bf8661b19b097b5cb594479681: 0.0
0x6022ec5364e36dd704055f564dfbcd0bd71c1019b007f61b83c9a58203eb96df: 0.0
0xc1e8b45426442f4c4fc36539cc528c99d329a9a622d5f7409155bb861c31389f: 0.0
0xc7c1a6ba5656563c9cf2c0d3065fdc9d5f8125f0ef1b19e09cac7bcd8c5f27ed: 0.0
0xc248c29e437a581b790f6d017229ed9078a8bf8d65d43cd53452f097a483577e: 0.0
0xde6732cf159cb9f6d8dfde97667b39fa59f8c493762107d4d3dab7444abebdb5: 0.0
0x4f89ceb0b7f1752a354b5640972bc7a27d0d9fd8e695bd55ba73cfae9c898e59: 0.0
0xcba2657e8ad8cc2a0699731357da75007eaad6638cc66418e552557ef8537ef5: 0.0
0xe662dce438c97652343411794f9deade5e3aeb1f6fa9833a825aed750c9bb261: 0.0
0x452169e5afa9c55c49df9541843962dd1125e721130f836a9b9c3d042f408046: 0.0
0x415bbdef10629c7b2a259284ef3e08c26bb10b144ef291dfad5fec6e9145eed7: 0.0
0x04a252594e1cc37102488a16c9600dbd9a5b9caa38e8991195f7daaec89b7917: 0.0
0x17ed06758abc3c869def31bfef7a1c0cb660aa1c0616c8eee278ca7d80ec4545: 0.0
0x97b5bdebeaf0785dc3be7c5443ddb8b63726f671fe0dcc60fdce3339658240f6: 0.0
0x80dd07ec52d7aa51b15d4dd9808bc950574278a5ebb1959baf3282e363646b0d: 0.0
0xd072f792bdaf961c76aa20890516802477933404f6004efbb0ddee5001a30504: 0.0
0xbddf6b917e48b94afcdedea223b1eafd2489ce95d4fc4110fa76a23423e85a6b: 0.0
0xa352dd2b66649a90c5ce5bf68d0a6f44b3fefc2c1624a49775ab34bc3805d635: 0.0
0x574bcb94d8126a3fc3d189f41d5f191585acf69965d01257792f283eb19c7962: 0.0
0xcd75b853134bc357b600a6f8242e731d1a2fcff4692ad05dca6deecec0acc0fb: 0.0
0xe56b4f6e10434c6fa30c83d858c8ce8cbf0983c5482f63ba535e182a14819ef6: 0.0
0xf86cbe126cbb7a36343d69100be23d5bda279a5308d15f639543dce4b53cb730: 0.0
 - fuel returned: 0x4b6ae1bfbf3df0faaf511cd84e303d7cd3ea8d6ef85fad9496b69b65763a9651
0x86c103a4f5aa9a5996d528cbda5039340c0a6cacc8b446c4d600026c95345837: 0.0
0x72cf68f9b1d0fc531feba074aac6c9734f99886509e4bc842119fea0a075e355: 0.0
0x6bb3199b669d6e108c53c909694ee9a78a024d7acaa2629f073e42964c1a2458: 0.0
0x68de000c12bd2ea01c98ff9b10ae3a5798fd898cdcc7dfb01f68794cde07a60b: 5878.000000000001
 - fuel sent: 0xd34fc5370d376c57877e4c59e943ab7ecf092cb092f6a7f61016bea75e1564fd
 - waiting on tx.... [success]
tokens sent to [m/44'/60'/0'/0/568]: 0xf24b5388fa0fe8ef9e98eed9e59b8a5b3e2af553b7a0b3d922e2dff02fd57802
 - waiting on tx............ [failed]
0x2c0d6af65232534257faf0c7498989cf86dc6f18d1302605e55d9c768c56693a: 7212.0
 - fuel sent: 0x8ace4e390ab6161898077e2fafb4a81097d4512952f1324aa452674a0f0c3323
 - waiting on tx.... [success]
tokens sent to [m/44'/60'/0'/0/569]: 0x75ab2dfe5b3226934bff3f6279119b46f9a3eded03b2cbfdd57d1f6ddeefd926
 - waiting on tx.... [success]
 - fuel returned: 0x74bd9d0294dd8cf02bb4d35d751ed68de6703d4e4ec2eb5eaa0205ecd1ae40ab
0xa21f2219aca028e69893ec4147d7694ea2ddb2fa13014c85a0961fe210cc34da: 18443.0
 - fuel sent: 0x229ae1d8eadff07ebcaed8bb949c9322e643493e175a8f4bab52d57fa06d4aea
 - waiting on tx...... [success]
tokens sent to [m/44'/60'/0'/0/570]: 0x126b7a75dd96638ca00f58d2cb4097f5066808c37227de15ac4c8aa6a54c6dcb
 - waiting on tx... [success]
 - fuel returned: 0x6ec4c773a4c306a4080a193cef0d689b90b31edfbc6220b61f4e72f5a1e1a9da
0x95d0beb90f56438a94a6e8120cb9fe1d501d91cd4042a05c64f527f64ee054a2: 28598.0
 - fuel sent: 0x70dfffa3dec999ca768ed41680507e30957d60713f4944b9961e49627554b42f
 - waiting on tx.... [success]
tokens sent to [m/44'/60'/0'/0/571]: 0xa64df94f8476348a3d0c915f6da30f51e92ed4560ae95b26ce47adcf49ce1702
 - waiting on tx...... [success]
 - fuel returned: 0x948a3e17f36ab3bf3c290ddea6298a62f70a8c7699a2ec4445337c8421adadb5
0x9cbd1462fb96c38a11bfd0b3359ba9be34f119949c0b55c8b1c3a74b4164f388: 10145.0
 - fuel sent: 0x0b737d778518da50df487c50be0f25c448261f8f4e823edb2453959c17ad0d89
 - waiting on tx.... [success]
tokens sent to [m/44'/60'/0'/0/572]: 0x41aa321c44699429fdbd247a706fab0562925db03b78d6576c22858e99479b2a
 - waiting on tx..... [success]
 - fuel returned: 0xde4b5be03a3be914929a382c44134f597d816c307b13542b574a95fa4f3e804e
0x538035d9282d12bbfa5b4c5a5b4720da0af39c13ff4581641533aa007a5b740b: 76705.0
 - fuel sent: 0xcb3212de4a923365ad14ae7a472b72977edc1859c1d6ce4f9fc67129f974cc9b
 - waiting on tx............ [success]
tokens sent to [m/44'/60'/0'/0/573]: 0x4be798eca2e4b9b183591fd274a7e950f86d4e7c65912f0f70e24ece1ccbf34d
 - waiting on tx.... [success]
 - fuel returned: 0x351781abe8345e2e9bdbeeeffee34453329ea70b93501727626dbd629a2801bb
0xf4c681c31a5354762ed223e438dafd81fbd3dc9a9ff342b236f72e2a148f349d: 76290.0
 - fuel sent: 0xc376afde44e180bc547b66bf7eaed2ceffeabd809abc24dd05a8d0f89af0f0cb
 - waiting on tx............................................................................................................................. [success]
tokens sent to [m/44'/60'/0'/0/574]: 0xa15df57691b494bb9b27a7ae995887bca4fc5da79883a86aaa68d19cfd23c470
 - waiting on tx..... [success]
 - fuel returned: 0x213475d287c18abee5137908d42a3e9e59ea014b6ddc360ab7884f78a6f474b1
0x9ef8b2d91a507a62565eb30aa4fa5b56ac448d767ca456f3f9bd34fbe5e7cf4b: 65649.0
 - fuel sent: 0x10645e2a2331a10d48db326270e1b48c95d820777308011317ef5d9dd4ce0f03
 - waiting on tx..... [success]
tokens sent to [m/44'/60'/0'/0/575]: 0xd402309028a5c29188a60d68b75150550b9d7cfc91344765b6c5aa2e03dd2c14
 - waiting on tx... [success]
 - fuel returned: 0x25f9b1c0d17be94a2e12302be7dd14c2a671133f478e1e8d79fdaa81a3b4cd11
0xa593bd84770e5472c73b029f2499cc96dde90cc7b540c6e7de285a17ab80690f: 82739.0
 - fuel sent: 0x052e4b918e804ad88389716bc390c3ee957df9c1022f841b1f52c19f73fbd7c0
 - waiting on tx...... [success]
tokens sent to [m/44'/60'/0'/0/576]: 0xf32e8dca8ae638ead3c61eeb6c75fe47fd6e3d01531a678bd81de73a87eba2c9
 - waiting on tx.... [success]
 - fuel returned: 0x9ae6b355c00dd9711f8044a34e96de7a071433780fd1cad2bd5aa55f29a679b8
0xd69fa76b23cb1f49e9cf844070dc1013e07236cd785391fb809cfb63d53f5c14: 86977.0
 - fuel sent: 0xcf72124a6248d798a3395e54d8dc0d12a74a933c608f3e77b7fe23cd0509ce56
 - waiting on tx........ [success]
tokens sent to [m/44'/60'/0'/0/577]: 0x006454cafe83661dcde1eed92e99e4dd1a448a893714c1711d2915c98a4e184a
 - waiting on tx... [success]
 - fuel returned: 0xa367438ecdc2cea84336e8b3aadb67dac60bdb6e9eb4f13f3b383b30dca82bb6
0x0ce14afd304a1b8206d7836fe2996bb4c9279145a58d463bca1ef3f8ff990e5f: 83753.0
 - fuel sent: 0xbd770037c6ce4031f930cacbf811eba98f7bc2bee00cee10354e0d427dfaa745
 - waiting on tx.... [success]
tokens sent to [m/44'/60'/0'/0/578]: 0x2da30c717b3a0cd697340018cd24f5da3e463dddccd60b4c1b001af25142ccb6
 - waiting on tx... [success]
 - fuel returned: 0xbc8c583e88299eae2a4504ecb9fd63261df29f32d901b85d796b4ae3bcab60a1
0x185f1249463508e3565d68ea0a1331a4d9c6fd5c0947b86a589b1c314832d3ce: 34.0
tokens sent to [m/44'/60'/0'/0/579]: 0x1ef1670bbd7671b84d0ac5d8469dacaa813c80cb08662c03af3ae2fcb977680b
 - waiting on tx... [success]
 - fuel returned: 0x726b81d6ea115c2ebbe8ce4f2cd6140139bc82df62dfe81ccdd8558a0c4809b6
0x31ce41fa8608ebb1bffc66bcf781be22003b8b7951b8a429913a4915080e2663: 61901.0
 - fuel sent: 0x5c6994d7b83e7d3c517bbeaa1d8f89368b1b234ee14efc8d9eeec2ad1eff7fe6
 - waiting on tx.... [success]
tokens sent to [m/44'/60'/0'/0/580]: 0xb6351389dcae59d7528e428f748085da353f075641e3a23e7901ac437eebe69f
 - waiting on tx.... [success]
 - fuel returned: 0xa7692205ef5cb59b161912282a16d2107a9a5964a1775bd1d773ea060612506c
0x93ab72d02c45bfb9d1649dfa0c8fabb33355ff5c7b3f86bc9a1d8a45dcac8669: 84464.0
 - fuel sent: 0x8bee8a9f51179761f252bc3ede82f81b8e1267623e3e4e6109f61785ed88f178
 - waiting on tx.... [success]
tokens sent to [m/44'/60'/0'/0/581]: 0x6306279d2fc874f08d43d8f142dfc15b3c182359a041a5965ab1ed92dd081347
 - waiting on tx....... [success]
 - fuel returned: 0xd024e9d67e526f9e3997ae7fb96a4189ae479f9afa6ef191e1a40dd90a7fb0b4
0xc6c562ceecded38977c70407e3a07c227d5b19dde0aa07bc7b133f3057c3684f: 33522.0
 - fuel sent: 0x1811529702b257cbdc100a753e61c771360f47f421982f5f1d6b3e8643c17ac1
 - waiting on tx... [success]
tokens sent to [m/44'/60'/0'/0/582]: 0x86fda55b36a3fdabffa17bca1378aacad4d0427538e548492c3b506c35d29025
 - waiting on tx... [success]
 - fuel returned: 0xbc6b616e832e7ad28bccb5e056e7f8edf921c9248d0cae4c5896f78d2b2dfe06
0x1e114bcda271d397de8d6ac92a04921091e93baf675290f81007ef432fdf6cd0: 86187.0
 - fuel sent: 0xb2a93ebe54f43c8ea3c6b7b7be00960b3d6044b8289903e6053f48d4d2ff043a
 - waiting on tx............................................................................... [success]
tokens sent to [m/44'/60'/0'/0/583]: 0x29e121765e679eae9fa59c14357f5eddaded9f3725aa09935260d30df4a25cf8
 - waiting on tx.......... [success]
 - fuel returned: 0xacea39b89fdb2b6d32087f2e9b53d2300c551f2d0f07c9ecddbfb8db82d58250
0xaa29ac315760ff17318f9100de637fc578b8e4ff22f8c222bea5f7c691465cee: 31360.0
 - fuel sent: 0x7342d5d8758eccdf4ec7ffa77b427383e4a9492a6c235230fe15d70ed31cc28e
 - waiting on tx..... [success]
tokens sent to [m/44'/60'/0'/0/584]: 0x1ca1d1bb88b7c9bfdc1c55e3451b0b625f580fbd7558de26a2f1f1afaec24fca
 - waiting on tx.... [success]
 - fuel returned: 0x6d0ec19b7300126490cf6059a0de48a3733914b7439afbd7ce3297e2af537bd4
0x96d7e0388c6fe62de572b5cfc235ea869961697944a0482bd064985f3f184077: 44045.0
 - fuel sent: 0x4c0e82a53bb0949739a3884655542525758f6f441ac5ca17cc6df5a75179a6e7
 - waiting on tx... [success]
tokens sent to [m/44'/60'/0'/0/585]: 0x3f0f80b77f62179b482f2c8acf7cc501d8f477121cedc23031d047c20f9484f2
 - waiting on tx.... [success]
 - fuel returned: 0x4b0c099e15be733e4da21c5ba87b208f3f22dc20dd58fb375a0e3b52b8f15747
0x57aa69b14dece40df9ad5a5a2191dde53012d5c6697427c7e8d67e77b9cc9c7b: 60975.0
 - fuel sent: 0x8afc8f536fef7d34f40a5b5966e8122c980560e6a0386de177f49aaa0bd42dff
 - waiting on tx..... [success]
tokens sent to [m/44'/60'/0'/0/586]: 0xc486e97ebf0f8d3690c4a41680cb0bd907e1b4f8957ca3b70c8ae19cbcf55378
 - waiting on tx.... [success]
 - fuel returned: 0x5b7052de7fcf1e16c0e3cebcf8013a5ab45009dff2d3b8c59162465a9a6a2c96
0xe5cb4943199eee25bf6290f01bc069846a667e8491a9a376ca31f387c6f0c5ef: 19142.0
 - fuel sent: 0x3796952cad9337256d06aec51e80e36ce86a11cba5e44fcee4788f2082964936
 - waiting on tx....... [success]
tokens sent to [m/44'/60'/0'/0/587]: 0xb40bee4f5ead68cbf6e96ddb0d6f428d9c8c9349e80e8a8e890188a1ef200e19
 - waiting on tx....... [success]
 - fuel returned: 0x82b9c5e7c6a5cdfccb94c5809ffbd86345a32cacde19b29c48b8e7a21d3236f4
0x39c297ca7db6fd66cc3fb384a837b6de02054410a32a746b2464488adcbc4c9a: 78817.0
 - fuel sent: 0xe14769e0e9dc90661a2bb7608bdbbc6d8d8e25f85a1171d0308ec53c798027fd
 - waiting on tx... [success]
tokens sent to [m/44'/60'/0'/0/588]: 0x1a981f3b092f964d23e0a00c468109d5818c18f2fba2efa3e9a146f540691132
 - waiting on tx.... [success]
 - fuel returned: 0xb8fa9aa47fb06525409063826fffe683d7ea2fc91cf13f0df9e9d4a3259f3b91
0xe43432409e7fcaef36918b20e07b9847eaffa5a85d45032831c26470bd92863b: 34666.0
 - fuel sent: 0x4d356c3216af7afa7b3ffedaca8671bd497f5c721ce02b69d044658d4298839f
 - waiting on tx... [success]
tokens sent to [m/44'/60'/0'/0/589]: 0x1f3ed998ecc3f21ef5e405dd011cb23977cb1af02d1fe71d771490f84ccd1aac
 - waiting on tx.... [success]
 - fuel returned: 0x3491538ecb4b06f92b295ddd02a65f26741579ba2817ab260e3518a939597e04
0x19d324e6971b2d596875aab6a2fac0383c56f9e73b0f3488eed8f76f5e78ee5f: 75191.0
 - fuel sent: 0x727e6ab0bd06a72c49059a5a5892c85dfc821c7e6e257a3ab4695e8c0a46729a
 - waiting on tx................... [success]
tokens sent to [m/44'/60'/0'/0/590]: 0x493b17697181003cadc8f5554ad2cefcb32f2e091a3ada1ef97a11544bc5c502
 - waiting on tx............ [failed]
0xb2d20264e2a145c97de832433095d99c1a3bc1cd2cfaba67f73dff9f54833404: 14647.0
 - fuel sent: 0xfbc4b8a537fd5905c8416fea7b6658c913f9de6ff429fb52b744387e3bb8ed19
 - waiting on tx.... [success]
tokens sent to [m/44'/60'/0'/0/591]: 0xe105507070b7e3db6251dea1978c29f68474622b9a22f17d74f778eab00281e4
 - waiting on tx.... [success]
 - fuel returned: 0x3e22d65ab2c2bd9b7e28b504ede18ad2b7a20a3adbbe8992f3a21b4fa81e9792
0x2cb47daa058278ced23dcb2c6e05424498339638cb8ee351c20c3b9464ed056b: 26468.0
 - fuel sent: 0x3ca981f0e5d929ac6f42747a6e0f049ff6149a0a7b0542393b912da44618e9bf
 - waiting on tx......................................................................................................................................................................................................................................................................................................................................................................................................................................................... [success]
tokens sent to [m/44'/60'/0'/0/592]: 0xa93944125fb4040d08a36f741b187b403383f4e93b3758704b752b53401642b2
 - waiting on tx............ [failed]
0x46cad6ac05119c88db6d7a9214d93481f6fc83b4a4ef566864547865d490b4ee: 56499.0
 - fuel sent: 0x918d012b772a4762c2a66cf2ddab199ed7f12aa14f286f256bd0fbc0025a446b
 - waiting on tx....................................... [success]
tokens sent to [m/44'/60'/0'/0/593]: 0xb2109503c738ab65ce6317128b5dc8a2fbbd00f24a42be9ba2ec0d62e03e59bf
 - waiting on tx...... [success]
 - fuel returned: 0x15c057306889593fafe1ce2bfa0fc6730ac793d9bfd0d1ab395794fb21fe87ed
0xba0b35a6a489e5ea7e2637ed6758becd7fddbfb5c11538994fd1c119dd663380: 52792.0
 - fuel sent: 0x906a392201ef71f6e6d2a179c6497128ac79107897e1448f7db013823f2bd06c
 - waiting on tx.... [success]
tokens sent to [m/44'/60'/0'/0/594]: 0x48f1f355f8cd0f66f11bfe33fbd968e21a64a9595e04c177a66193f3fd46e43a
 - waiting on tx..... [success]
 - fuel returned: 0x265104303b4b61b640a5814695292bf671a4d2b0b719d85331a4de9066de050e
0x79562fcc45f71158aec73244d66e695d691e676e88ab9e697cc4453f6c8427bd: 56054.0
 - fuel sent: 0x51a48ac61ce580a988cb5fc3618904fcb39d4713648b5cb2d3109b4908a6137d
 - waiting on tx.... [success]
tokens sent to [m/44'/60'/0'/0/595]: 0xf799e394b47ddac6e2fa40fe8a461e792011da4b9c9d5a69bb9b42c4eecf0d0a
 - waiting on tx............ [failed]
0x4ed96a1a7fd2ba35571d1c74bdfacb09e6bb15bde6b112b0f5bf314dbacb4931: 80525.99999999999
 - fuel sent: 0xe418f6b8bac3f4404edf3b6f3fa7705c2548c5329b28247814e433ff2b40df56
 - waiting on tx.... [success]
tokens sent to [m/44'/60'/0'/0/596]: 0x2ac3a9a663c63b841b614f21433d90f57f78c02afecb8b6b3d3833bed223a6e1
 - waiting on tx....... [success]
 - fuel returned: 0xe34d156352d9df9a31013f0b5c3a7d523681c3d057f2b4b6cc33fef4cbbb2f7c
0xd50e3c2150f58558b38d3cefa1bd7dcc7353c4c611a634cde5d79be4c8437515: 58854.0
 - fuel sent: 0xdc9f3a4cf301dbaf0cdf8b595a11d163aece47a75234853bd39eb0e015f2be53
 - waiting on tx.... [success]
tokens sent to [m/44'/60'/0'/0/597]: 0x2744aafc0f335bf657a1cc61559f931bb8b96cd0b54c62ad36334bbe030ee483
 - waiting on tx.... [success]
 - fuel returned: 0x7b71abd5e4d3713cc8b1b19cb61ad11396be0ef734bc48568fbf2d06c3d19deb
0x31cdf19e41d16fdbbdbde6d423cfed0ae411487a87a1a3ba9e8488c19ebbd1df: 5041.999999999999
 - fuel sent: 0xa1446dea6371c6b7e4e304576f738b839bf444ff39798ad1950dbb5c953bdca2
 - waiting on tx.... [success]
tokens sent to [m/44'/60'/0'/0/598]: 0x2349cf87bbe1a5f91f8ad5ad510363cda4001f96b7a87e998392ef724653d4dc
 - waiting on tx..... [success]
 - fuel returned: 0x12a76fbfc5147b2fedce0851cbbe9563dd48c9573af55c5d28715d48bc1316c1
0x7a72946ef205fa371af2ddc76740b21e4666a6148146ce9dcc5db05c14d537ea: 68464.0
 - fuel sent: 0xe94a764ab43756ca52249023ad8b086ed8ec3e103e742089112261328ce9fd72
 - waiting on tx............... [success]
tokens sent to [m/44'/60'/0'/0/599]: 0xd04dc8301aab09f56f7b7fcd6bdd858d2769c2af8ebf17ada99878f5c2dc9f7f
 - waiting on tx...... [success]
 - fuel returned: 0xc7f7bc5f3395218a10fd8b9899ffe150ea4fdcf0bf360c756a111b02910739f6
